Archive member included to satisfy reference by file (symbol)

c:/mounriver/mrs_community/toolchain/risc-v embedded gcc/bin/../lib/gcc/riscv-none-embed/8.2.0/rv32imac/ilp32\libgcc.a(save-restore.o)
                              ./User/ff/ff.o (__riscv_save_12)
c:/mounriver/mrs_community/toolchain/risc-v embedded gcc/bin/../lib/gcc/riscv-none-embed/8.2.0/../../../../riscv-none-embed/lib/rv32imac/ilp32\libg_nano.a(lib_a-memcmp.o)
                              ./User/ff/ff.o (memcmp)
c:/mounriver/mrs_community/toolchain/risc-v embedded gcc/bin/../lib/gcc/riscv-none-embed/8.2.0/../../../../riscv-none-embed/lib/rv32imac/ilp32\libg_nano.a(lib_a-memcpy.o)
                              ./User/ff/ff.o (memcpy)
c:/mounriver/mrs_community/toolchain/risc-v embedded gcc/bin/../lib/gcc/riscv-none-embed/8.2.0/../../../../riscv-none-embed/lib/rv32imac/ilp32\libg_nano.a(lib_a-memset.o)
                              ./User/ff/ff.o (memset)
c:/mounriver/mrs_community/toolchain/risc-v embedded gcc/bin/../lib/gcc/riscv-none-embed/8.2.0/../../../../riscv-none-embed/lib/rv32imac/ilp32\libg_nano.a(lib_a-printf.o)
                              ./User/main.o (printf)
c:/mounriver/mrs_community/toolchain/risc-v embedded gcc/bin/../lib/gcc/riscv-none-embed/8.2.0/../../../../riscv-none-embed/lib/rv32imac/ilp32\libg_nano.a(lib_a-puts.o)
                              ./User/main.o (puts)
c:/mounriver/mrs_community/toolchain/risc-v embedded gcc/bin/../lib/gcc/riscv-none-embed/8.2.0/../../../../riscv-none-embed/lib/rv32imac/ilp32\libg_nano.a(lib_a-strchr.o)
                              ./User/ff/ff.o (strchr)
c:/mounriver/mrs_community/toolchain/risc-v embedded gcc/bin/../lib/gcc/riscv-none-embed/8.2.0/../../../../riscv-none-embed/lib/rv32imac/ilp32\libg_nano.a(lib_a-wbuf.o)
                              c:/mounriver/mrs_community/toolchain/risc-v embedded gcc/bin/../lib/gcc/riscv-none-embed/8.2.0/../../../../riscv-none-embed/lib/rv32imac/ilp32\libg_nano.a(lib_a-puts.o) (__swbuf_r)
c:/mounriver/mrs_community/toolchain/risc-v embedded gcc/bin/../lib/gcc/riscv-none-embed/8.2.0/../../../../riscv-none-embed/lib/rv32imac/ilp32\libg_nano.a(lib_a-wsetup.o)
                              c:/mounriver/mrs_community/toolchain/risc-v embedded gcc/bin/../lib/gcc/riscv-none-embed/8.2.0/../../../../riscv-none-embed/lib/rv32imac/ilp32\libg_nano.a(lib_a-puts.o) (__swsetup_r)
c:/mounriver/mrs_community/toolchain/risc-v embedded gcc/bin/../lib/gcc/riscv-none-embed/8.2.0/../../../../riscv-none-embed/lib/rv32imac/ilp32\libg_nano.a(lib_a-fflush.o)
                              c:/mounriver/mrs_community/toolchain/risc-v embedded gcc/bin/../lib/gcc/riscv-none-embed/8.2.0/../../../../riscv-none-embed/lib/rv32imac/ilp32\libg_nano.a(lib_a-wbuf.o) (_fflush_r)
c:/mounriver/mrs_community/toolchain/risc-v embedded gcc/bin/../lib/gcc/riscv-none-embed/8.2.0/../../../../riscv-none-embed/lib/rv32imac/ilp32\libg_nano.a(lib_a-findfp.o)
                              c:/mounriver/mrs_community/toolchain/risc-v embedded gcc/bin/../lib/gcc/riscv-none-embed/8.2.0/../../../../riscv-none-embed/lib/rv32imac/ilp32\libg_nano.a(lib_a-printf.o) (__sinit)
c:/mounriver/mrs_community/toolchain/risc-v embedded gcc/bin/../lib/gcc/riscv-none-embed/8.2.0/../../../../riscv-none-embed/lib/rv32imac/ilp32\libg_nano.a(lib_a-fwalk.o)
                              c:/mounriver/mrs_community/toolchain/risc-v embedded gcc/bin/../lib/gcc/riscv-none-embed/8.2.0/../../../../riscv-none-embed/lib/rv32imac/ilp32\libg_nano.a(lib_a-findfp.o) (_fwalk)
c:/mounriver/mrs_community/toolchain/risc-v embedded gcc/bin/../lib/gcc/riscv-none-embed/8.2.0/../../../../riscv-none-embed/lib/rv32imac/ilp32\libg_nano.a(lib_a-impure.o)
                              c:/mounriver/mrs_community/toolchain/risc-v embedded gcc/bin/../lib/gcc/riscv-none-embed/8.2.0/../../../../riscv-none-embed/lib/rv32imac/ilp32\libg_nano.a(lib_a-fflush.o) (_global_impure_ptr)
c:/mounriver/mrs_community/toolchain/risc-v embedded gcc/bin/../lib/gcc/riscv-none-embed/8.2.0/../../../../riscv-none-embed/lib/rv32imac/ilp32\libg_nano.a(lib_a-makebuf.o)
                              c:/mounriver/mrs_community/toolchain/risc-v embedded gcc/bin/../lib/gcc/riscv-none-embed/8.2.0/../../../../riscv-none-embed/lib/rv32imac/ilp32\libg_nano.a(lib_a-wsetup.o) (__smakebuf_r)
c:/mounriver/mrs_community/toolchain/risc-v embedded gcc/bin/../lib/gcc/riscv-none-embed/8.2.0/../../../../riscv-none-embed/lib/rv32imac/ilp32\libg_nano.a(lib_a-nano-freer.o)
                              c:/mounriver/mrs_community/toolchain/risc-v embedded gcc/bin/../lib/gcc/riscv-none-embed/8.2.0/../../../../riscv-none-embed/lib/rv32imac/ilp32\libg_nano.a(lib_a-wsetup.o) (_free_r)
c:/mounriver/mrs_community/toolchain/risc-v embedded gcc/bin/../lib/gcc/riscv-none-embed/8.2.0/../../../../riscv-none-embed/lib/rv32imac/ilp32\libg_nano.a(lib_a-nano-mallocr.o)
[...]
Memory Configuration

Name             Origin             Length             Attributes
FLASH            0x0000000000000000 0x0000000000020000 xr
RAM              0x0000000020000000 0x0000000000008000 xrw
*default*        0x0000000000000000 0xffffffffffffffff

Linker script and memory map

LOAD ./User/ff/ff.o
LOAD ./User/ff/sdio.o
LOAD ./User/ff/sdmm.o
LOAD ./User/ch32v30x_it.o
LOAD ./User/main.o
LOAD ./User/system_ch32v30x.o
LOAD ./Startup/startup_ch32v30x_D8C.o
LOAD ./Peripheral/src/ch32v30x_adc.o
LOAD ./Peripheral/src/ch32v30x_bkp.o
LOAD ./Peripheral/src/ch32v30x_can.o
LOAD ./Peripheral/src/ch32v30x_crc.o
LOAD ./Peripheral/src/ch32v30x_dac.o
LOAD ./Peripheral/src/ch32v30x_dbgmcu.o
LOAD ./Peripheral/src/ch32v30x_dma.o
LOAD ./Peripheral/src/ch32v30x_dvp.o
LOAD ./Peripheral/src/ch32v30x_eth.o
LOAD ./Peripheral/src/ch32v30x_exti.o
LOAD ./Peripheral/src/ch32v30x_flash.o
LOAD ./Peripheral/src/ch32v30x_fsmc.o
LOAD ./Peripheral/src/ch32v30x_gpio.o
LOAD ./Peripheral/src/ch32v30x_i2c.o
LOAD ./Peripheral/src/ch32v30x_iwdg.o
LOAD ./Peripheral/src/ch32v30x_misc.o
LOAD ./Peripheral/src/ch32v30x_opa.o
LOAD ./Peripheral/src/ch32v30x_pwr.o
LOAD ./Peripheral/src/ch32v30x_rcc.o
LOAD ./Peripheral/src/ch32v30x_rng.o
LOAD ./Peripheral/src/ch32v30x_rtc.o
LOAD ./Peripheral/src/ch32v30x_sdio.o
LOAD ./Peripheral/src/ch32v30x_spi.o
LOAD ./Peripheral/src/ch32v30x_tim.o
LOAD ./Peripheral/src/ch32v30x_usart.o
LOAD ./Peripheral/src/ch32v30x_wwdg.o
LOAD ./Debug/debug.o
LOAD ./Core/core_riscv.o
LOAD c:/mounriver/mrs_community/toolchain/risc-v embedded gcc/bin/../lib/gcc/riscv-none-embed/8.2.0/../../../../riscv-none-embed/lib/rv32imac/ilp32\libm.a
LOAD c:/mounriver/mrs_community/toolchain/risc-v embedded gcc/bin/../lib/gcc/riscv-none-embed/8.2.0/rv32imac/ilp32\libgcc.a
LOAD c:/mounriver/mrs_community/toolchain/risc-v embedded gcc/bin/../lib/gcc/riscv-none-embed/8.2.0/../../../../riscv-none-embed/lib/rv32imac/ilp32\libg_nano.a
LOAD c:/mounriver/mrs_community/toolchain/risc-v embedded gcc/bin/../lib/gcc/riscv-none-embed/8.2.0/../../../../riscv-none-embed/lib/rv32imac/ilp32\libc_nano.a
LOAD c:/mounriver/mrs_community/toolchain/risc-v embedded gcc/bin/../lib/gcc/riscv-none-embed/8.2.0/rv32imac/ilp32\libgcc.a
START GROUP
LOAD c:/mounriver/mrs_community/toolchain/risc-v embedded gcc/bin/../lib/gcc/riscv-none-embed/8.2.0/rv32imac/ilp32\libgcc.a
LOAD c:/mounriver/mrs_community/toolchain/risc-v embedded gcc/bin/../lib/gcc/riscv-none-embed/8.2.0/../../../../riscv-none-embed/lib/rv32imac/ilp32\libc_nano.a
LOAD c:/mounriver/mrs_community/toolchain/risc-v embedded gcc/bin/../lib/gcc/riscv-none-embed/8.2.0/../../../../riscv-none-embed/lib/rv32imac/ilp32\libnosys.a
END GROUP
START GROUP
LOAD c:/mounriver/mrs_community/toolchain/risc-v embedded gcc/bin/../lib/gcc/riscv-none-embed/8.2.0/rv32imac/ilp32\libgcc.a
LOAD c:/mounriver/mrs_community/toolchain/risc-v embedded gcc/bin/../lib/gcc/riscv-none-embed/8.2.0/../../../../riscv-none-embed/lib/rv32imac/ilp32\libc_nano.a
LOAD c:/mounriver/mrs_community/toolchain/risc-v embedded gcc/bin/../lib/gcc/riscv-none-embed/8.2.0/../../../../riscv-none-embed/lib/rv32imac/ilp32\libnosys.a
END GROUP
                0x0000000000000800                __stack_size = 0x800
                [!provide]                        PROVIDE (_stack_size = __stack_size)

.init           0x0000000000000000       0x38
                0x0000000000000000                _sinit = .
                0x0000000000000000                . = ALIGN (0x4)
 *(SORT_NONE(.init))
 .init          0x0000000000000000       0x38 ./Startup/startup_ch32v30x_D8C.o
                0x0000000000000000                _start
                0x0000000000000038                . = ALIGN (0x4)
                0x0000000000000038                _einit = .

.vector         0x0000000000000038      0x1c8
 *(.vector)
 .vector        0x0000000000000038      0x1a0 ./Startup/startup_ch32v30x_D8C.o
                0x0000000000000200                . = ALIGN (0x40)
 *fill*         0x00000000000001d8       0x28 

.text           0x0000000000000200     0x50ac
                0x0000000000000200                . = ALIGN (0x4)
 *(.text)
 .text          0x0000000000000200       0x60 c:/mounriver/mrs_community/toolchain/risc-v embedded gcc/bin/../lib/gcc/riscv-none-embed/8.2.0/rv32imac/ilp32\libgcc.a(save-restore.o)
                0x0000000000000200                __riscv_save_12
                0x0000000000000208                __riscv_save_9
                0x0000000000000208                __riscv_save_11
                0x0000000000000208                __riscv_save_10
                0x0000000000000208                __riscv_save_8
                0x0000000000000216                __riscv_save_4
                0x0000000000000216                __riscv_save_6
                0x0000000000000216                __riscv_save_5
                0x0000000000000216                __riscv_save_7
                0x0000000000000230                __riscv_save_3
                0x0000000000000230                __riscv_save_2
                0x0000000000000230                __riscv_save_1
                0x0000000000000230                __riscv_save_0
                0x000000000000023c                __riscv_restore_12
                0x0000000000000240                __riscv_restore_11
                0x0000000000000240                __riscv_restore_9
                0x0000000000000240                __riscv_restore_10
                0x0000000000000240                __riscv_restore_8
                0x000000000000024a                __riscv_restore_5
                0x000000000000024a                __riscv_restore_7
                0x000000000000024a                __riscv_restore_6
                0x000000000000024a                __riscv_restore_4
                0x0000000000000254                __riscv_restore_3
                0x0000000000000254                __riscv_restore_0
                0x0000000000000254                __riscv_restore_2
                0x0000000000000254                __riscv_restore_1
 .text          0x0000000000000260       0xa8 c:/mounriver/mrs_community/toolchain/risc-v embedded gcc/bin/../lib/gcc/riscv-none-embed/8.2.0/../../../../riscv-none-embed/lib/rv32imac/ilp32\libg_nano.a(lib_a-memset.o)
                0x0000000000000260                memset
 *(.text.*)
 .text.ld_dword
                0x0000000000000308       0x1e ./User/ff/ff.o
 .text.clst2sect
                0x0000000000000326       0x1c ./User/ff/ff.o
 .text.get_ldnumber
                0x0000000000000342       0x42 ./User/ff/ff.o
 .text.validate
                0x0000000000000384       0x46 ./User/ff/ff.o
 .text.ld_clust.isra.2
                0x00000000000003ca       0x26 ./User/ff/ff.o
 .text.sync_window
                0x00000000000003f0       0x58 ./User/ff/ff.o
 .text.move_window
                0x0000000000000448       0x34 ./User/ff/ff.o
 .text.check_fs
                0x000000000000047c       0xe8 ./User/ff/ff.o
 .text.get_fat.isra.7
                0x0000000000000564       0xc4 ./User/ff/ff.o
 .text.mount_volume
                0x0000000000000628      0x2b6 ./User/ff/ff.o
 .text.dir_sdi.constprop.10
                0x00000000000008de       0x74 ./User/ff/ff.o
 .text.put_fat  0x0000000000000952      0x12a ./User/ff/ff.o
 .text.create_chain
                0x0000000000000a7c       0xec ./User/ff/ff.o
 .text.dir_next
                0x0000000000000b68       0xfe ./User/ff/ff.o
 .text.f_mount  0x0000000000000c66       0x5a ./User/ff/ff.o
                0x0000000000000c66                f_mount
 .text.f_open   0x0000000000000cc0      0x452 ./User/ff/ff.o
                0x0000000000000cc0                f_open
 .text.f_read   0x0000000000001112      0x154 ./User/ff/ff.o
                0x0000000000001112                f_read
 .text.f_sync   0x0000000000001266      0x180 ./User/ff/ff.o
                0x0000000000001266                f_sync
 .text.f_close  0x00000000000013e6       0x20 ./User/ff/ff.o
                0x00000000000013e6                f_close
 .text.SDIO_Clock_Set
                0x0000000000001406       0x10 ./User/ff/sdio.o
                0x0000000000001406                SDIO_Clock_Set
 .text.SD_GetCardInfo
                0x0000000000001416      0x31a ./User/ff/sdio.o
                0x0000000000001416                SD_GetCardInfo
 .text.CmdError
                0x0000000000001730       0x2c ./User/ff/sdio.o
                0x0000000000001730                CmdError
 .text.CmdResp7Error
                0x000000000000175c       0x44 ./User/ff/sdio.o
                0x000000000000175c                CmdResp7Error
 .text.CmdResp1Error
                0x00000000000017a0       0x52 ./User/ff/sdio.o
                0x00000000000017a0                CmdResp1Error
 .text.SD_SelectDeselect
                0x00000000000017f2       0x2e ./User/ff/sdio.o
                0x00000000000017f2                SD_SelectDeselect
 .text.SD_ProcessIRQSrc
                0x0000000000001820      0x132 ./User/ff/sdio.o
                0x0000000000001820                SD_ProcessIRQSrc
 .text.SDIO_IRQHandler
                0x0000000000001952        0x6 ./User/ff/sdio.o
                0x0000000000001952                SDIO_IRQHandler
 .text.CmdResp3Error
                0x0000000000001958       0x30 ./User/ff/sdio.o
                0x0000000000001958                CmdResp3Error
 .text.SD_PowerON
                0x0000000000001988      0x1a6 ./User/ff/sdio.o
                0x0000000000001988                SD_PowerON
 .text.CmdResp2Error
                0x0000000000001b2e       0x4c ./User/ff/sdio.o
                0x0000000000001b2e                CmdResp2Error
 .text.CmdResp6Error
                0x0000000000001b7a       0x7e ./User/ff/sdio.o
                0x0000000000001b7a                CmdResp6Error
 .text.SD_InitializeCards
                0x0000000000001bf8      0x140 ./User/ff/sdio.o
                0x0000000000001bf8                SD_InitializeCards
 .text.IsCardProgramming
                0x0000000000001d38       0x9e ./User/ff/sdio.o
                0x0000000000001d38                IsCardProgramming
 .text.FindSCR  0x0000000000001dd6      0x1a2 ./User/ff/sdio.o
                0x0000000000001dd6                FindSCR
 .text.SDEnWideBus
                0x0000000000001f78       0x96 ./User/ff/sdio.o
                0x0000000000001f78                SDEnWideBus
 .text.SD_EnableWideBusOperation
                0x000000000000200e       0x50 ./User/ff/sdio.o
                0x000000000000200e                SD_EnableWideBusOperation
 .text.SD_Init  0x000000000000205e       0xc0 ./User/ff/sdio.o
                0x000000000000205e                SD_Init
 .text.convert_from_bytes_to_power_of_two
                0x000000000000211e       0x16 ./User/ff/sdio.o
                0x000000000000211e                convert_from_bytes_to_power_of_two
 .text.SD_DMA_Config
                0x0000000000002134       0x76 ./User/ff/sdio.o
                0x0000000000002134                SD_DMA_Config
 .text.SD_ReadBlock
                0x00000000000021aa      0x23c ./User/ff/sdio.o
                0x00000000000021aa                SD_ReadBlock
 .text.SD_ReadMultiBlocks
                0x00000000000023e6      0x2d6 ./User/ff/sdio.o
                0x00000000000023e6                SD_ReadMultiBlocks
 .text.SD_WriteBlock
                0x00000000000026bc      0x336 ./User/ff/sdio.o
                0x00000000000026bc                SD_WriteBlock
 .text.SD_WriteMultiBlocks
                0x00000000000029f2      0x36c ./User/ff/sdio.o
                0x00000000000029f2                SD_WriteMultiBlocks
 .text.SD_ReadDisk
                0x0000000000002d5e       0x78 ./User/ff/sdio.o
                0x0000000000002d5e                SD_ReadDisk
 .text.SD_WriteDisk
                0x0000000000002dd6       0x76 ./User/ff/sdio.o
                0x0000000000002dd6                SD_WriteDisk
 .text.disk_status
                0x0000000000002e4c       0x10 ./User/ff/sdmm.o
                0x0000000000002e4c                disk_status
 .text.disk_initialize
                0x0000000000002e5c       0x24 ./User/ff/sdmm.o
                0x0000000000002e5c                disk_initialize
 .text.disk_read
                0x0000000000002e80       0x2c ./User/ff/sdmm.o
                0x0000000000002e80                disk_read
 .text.disk_write
                0x0000000000002eac       0x2c ./User/ff/sdmm.o
                0x0000000000002eac                disk_write
 .text.disk_ioctl
                0x0000000000002ed8       0x50 ./User/ff/sdmm.o
                0x0000000000002ed8                disk_ioctl
 .text.NMI_Handler
                0x0000000000002f28        0x4 ./User/ch32v30x_it.o
                0x0000000000002f28                NMI_Handler
 .text.HardFault_Handler
                0x0000000000002f2c        0x2 ./User/ch32v30x_it.o
                0x0000000000002f2c                HardFault_Handler
 .text.show_sdcard_info
                0x0000000000002f2e       0x98 ./User/main.o
                0x0000000000002f2e                show_sdcard_info
 .text.GPIO_LEDB_Init
                0x0000000000002fc6       0x34 ./User/main.o
                0x0000000000002fc6                GPIO_LEDB_Init
 .text.LEDB_set
                0x0000000000002ffa       0x34 ./User/main.o
                0x0000000000002ffa                LEDB_set
 .text.LEDB_toggle
                0x000000000000302e       0x36 ./User/main.o
                0x000000000000302e                LEDB_toggle
 .text.startup.main
                0x0000000000003064      0x148 ./User/main.o
                0x0000000000003064                main
 .text.SystemInit
                0x00000000000031ac       0xf8 ./User/system_ch32v30x.o
                0x00000000000031ac                SystemInit
 .text.SystemCoreClockUpdate
                0x00000000000032a4       0xbc ./User/system_ch32v30x.o
                0x00000000000032a4                SystemCoreClockUpdate
 .text.vector_handler
                0x0000000000003360       0xbe ./Startup/startup_ch32v30x_D8C.o
                0x0000000000003364                Ecall_M_Mode_Handler
                0x0000000000003366                Ecall_U_Mode_Handler
                0x0000000000003368                Break_Point_Handler
                0x000000000000336a                SysTick_Handler
                0x000000000000336c                SW_Handler
                0x000000000000336e                WWDG_IRQHandler
                0x0000000000003370                PVD_IRQHandler
                0x0000000000003372                TAMPER_IRQHandler
                0x0000000000003374                RTC_IRQHandler
                0x0000000000003376                FLASH_IRQHandler
                0x0000000000003378                RCC_IRQHandler
                0x000000000000337a                EXTI0_IRQHandler
                0x000000000000337c                EXTI1_IRQHandler
                0x000000000000337e                EXTI2_IRQHandler
                0x0000000000003380                EXTI3_IRQHandler
                0x0000000000003382                EXTI4_IRQHandler
                0x0000000000003384                DMA1_Channel1_IRQHandler
                0x0000000000003386                DMA1_Channel2_IRQHandler
                0x0000000000003388                DMA1_Channel3_IRQHandler
                0x000000000000338a                DMA1_Channel4_IRQHandler
                0x000000000000338c                DMA1_Channel5_IRQHandler
                0x000000000000338e                DMA1_Channel6_IRQHandler
                0x0000000000003390                DMA1_Channel7_IRQHandler
                0x0000000000003392                ADC1_2_IRQHandler
                0x0000000000003394                USB_HP_CAN1_TX_IRQHandler
                0x0000000000003396                USB_LP_CAN1_RX0_IRQHandler
                0x0000000000003398                CAN1_RX1_IRQHandler
                0x000000000000339a                CAN1_SCE_IRQHandler
                0x000000000000339c                EXTI9_5_IRQHandler
                0x000000000000339e                TIM1_BRK_IRQHandler
                0x00000000000033a0                TIM1_UP_IRQHandler
                0x00000000000033a2                TIM1_TRG_COM_IRQHandler
                0x00000000000033a4                TIM1_CC_IRQHandler
                0x00000000000033a6                TIM2_IRQHandler
                0x00000000000033a8                TIM3_IRQHandler
                0x00000000000033aa                TIM4_IRQHandler
                0x00000000000033ac                I2C1_EV_IRQHandler
                0x00000000000033ae                I2C1_ER_IRQHandler
                0x00000000000033b0                I2C2_EV_IRQHandler
                0x00000000000033b2                I2C2_ER_IRQHandler
                0x00000000000033b4                SPI1_IRQHandler
                0x00000000000033b6                SPI2_IRQHandler
                0x00000000000033b8                USART1_IRQHandler
                0x00000000000033ba                USART2_IRQHandler
                0x00000000000033bc                USART3_IRQHandler
                0x00000000000033be                EXTI15_10_IRQHandler
                0x00000000000033c0                RTCAlarm_IRQHandler
                0x00000000000033c2                USBWakeUp_IRQHandler
                0x00000000000033c4                TIM8_BRK_IRQHandler
                0x00000000000033c6                TIM8_UP_IRQHandler
                0x00000000000033c8                TIM8_TRG_COM_IRQHandler
                0x00000000000033ca                TIM8_CC_IRQHandler
                0x00000000000033cc                RNG_IRQHandler
                0x00000000000033ce                FSMC_IRQHandler
                0x00000000000033d2                TIM5_IRQHandler
                0x00000000000033d4                SPI3_IRQHandler
                0x00000000000033d6                UART4_IRQHandler
                0x00000000000033d8                UART5_IRQHandler
                0x00000000000033da                TIM6_IRQHandler
                0x00000000000033dc                TIM7_IRQHandler
                0x00000000000033de                DMA2_Channel1_IRQHandler
                0x00000000000033e0                DMA2_Channel2_IRQHandler
                0x00000000000033e2                DMA2_Channel3_IRQHandler
                0x00000000000033e4                DMA2_Channel4_IRQHandler
                0x00000000000033e6                DMA2_Channel5_IRQHandler
                0x00000000000033e8                ETH_IRQHandler
                0x00000000000033ea                ETH_WKUP_IRQHandler
                0x00000000000033ec                CAN2_TX_IRQHandler
                0x00000000000033ee                CAN2_RX0_IRQHandler
                0x00000000000033f0                CAN2_RX1_IRQHandler
                0x00000000000033f2                CAN2_SCE_IRQHandler
                0x00000000000033f4                OTG_FS_IRQHandler
                0x00000000000033f6                USBHSWakeup_IRQHandler
                0x00000000000033f8                USBHS_IRQHandler
                0x00000000000033fa                DVP_IRQHandler
                0x00000000000033fc                UART6_IRQHandler
                0x00000000000033fe                UART7_IRQHandler
                0x0000000000003400                UART8_IRQHandler
                0x0000000000003402                TIM9_BRK_IRQHandler
                0x0000000000003404                TIM9_UP_IRQHandler
                0x0000000000003406                TIM9_TRG_COM_IRQHandler
                0x0000000000003408                TIM9_CC_IRQHandler
                0x000000000000340a                TIM10_BRK_IRQHandler
                0x000000000000340c                TIM10_UP_IRQHandler
                0x000000000000340e                TIM10_TRG_COM_IRQHandler
                0x0000000000003410                TIM10_CC_IRQHandler
                0x0000000000003412                DMA2_Channel6_IRQHandler
                0x0000000000003414                DMA2_Channel7_IRQHandler
                0x0000000000003416                DMA2_Channel8_IRQHandler
                0x0000000000003418                DMA2_Channel9_IRQHandler
                0x000000000000341a                DMA2_Channel10_IRQHandler
                0x000000000000341c                DMA2_Channel11_IRQHandler
 .text.handle_reset
                0x000000000000341e       0x8a ./Startup/startup_ch32v30x_D8C.o
                0x000000000000341e                handle_reset
 .text.DBGMCU_GetCHIPID
                0x00000000000034a8        0xa ./Peripheral/src/ch32v30x_dbgmcu.o
                0x00000000000034a8                DBGMCU_GetCHIPID
 .text.DMA_DeInit
                0x00000000000034b2      0x16c ./Peripheral/src/ch32v30x_dma.o
                0x00000000000034b2                DMA_DeInit
 .text.DMA_Init
                0x000000000000361e       0x38 ./Peripheral/src/ch32v30x_dma.o
                0x000000000000361e                DMA_Init
 .text.DMA_Cmd  0x0000000000003656       0x14 ./Peripheral/src/ch32v30x_dma.o
                0x0000000000003656                DMA_Cmd
 .text.GPIO_Init
                0x000000000000366a       0xc2 ./Peripheral/src/ch32v30x_gpio.o
                0x000000000000366a                GPIO_Init
 .text.GPIO_WriteBit
                0x000000000000372c        0xa ./Peripheral/src/ch32v30x_gpio.o
                0x000000000000372c                GPIO_WriteBit
 .text.NVIC_PriorityGroupConfig
                0x0000000000003736        0x6 ./Peripheral/src/ch32v30x_misc.o
                0x0000000000003736                NVIC_PriorityGroupConfig
 .text.NVIC_Init
                0x000000000000373c       0xb8 ./Peripheral/src/ch32v30x_misc.o
                0x000000000000373c                NVIC_Init
 .text.RCC_GetClocksFreq
                0x00000000000037f4      0x17e ./Peripheral/src/ch32v30x_rcc.o
                0x00000000000037f4                RCC_GetClocksFreq
 .text.RCC_AHBPeriphClockCmd
                0x0000000000003972       0x1e ./Peripheral/src/ch32v30x_rcc.o
                0x0000000000003972                RCC_AHBPeriphClockCmd
 .text.RCC_APB2PeriphClockCmd
                0x0000000000003990       0x1e ./Peripheral/src/ch32v30x_rcc.o
                0x0000000000003990                RCC_APB2PeriphClockCmd
 .text.SDIO_DeInit
                0x00000000000039ae       0x30 ./Peripheral/src/ch32v30x_sdio.o
                0x00000000000039ae                SDIO_DeInit
 .text.SDIO_Init
                0x00000000000039de       0x2c ./Peripheral/src/ch32v30x_sdio.o
                0x00000000000039de                SDIO_Init
 .text.SDIO_ClockCmd
                0x0000000000003a0a       0x16 ./Peripheral/src/ch32v30x_sdio.o
                0x0000000000003a0a                SDIO_ClockCmd
 .text.SDIO_SetPowerState
                0x0000000000003a20       0x12 ./Peripheral/src/ch32v30x_sdio.o
                0x0000000000003a20                SDIO_SetPowerState
 .text.SDIO_GetPowerState
                0x0000000000003a32        0xa ./Peripheral/src/ch32v30x_sdio.o
                0x0000000000003a32                SDIO_GetPowerState
 .text.SDIO_DMACmd
                0x0000000000003a3c       0x14 ./Peripheral/src/ch32v30x_sdio.o
                0x0000000000003a3c                SDIO_DMACmd
 .text.SDIO_SendCommand
                0x0000000000003a50       0x22 ./Peripheral/src/ch32v30x_sdio.o
                0x0000000000003a50                SDIO_SendCommand
 .text.SDIO_DataConfig
                0x0000000000003a72       0x26 ./Peripheral/src/ch32v30x_sdio.o
                0x0000000000003a72                SDIO_DataConfig
 .text.SDIO_ReadData
                0x0000000000003a98        0xa ./Peripheral/src/ch32v30x_sdio.o
                0x0000000000003a98                SDIO_ReadData
 .text.SDIO_WriteData
                0x0000000000003aa2        0xa ./Peripheral/src/ch32v30x_sdio.o
                0x0000000000003aa2                SDIO_WriteData
 .text.SDIO_GetFlagStatus
                0x0000000000003aac        0xe ./Peripheral/src/ch32v30x_sdio.o
                0x0000000000003aac                SDIO_GetFlagStatus
 .text.SDIO_ClearFlag
                0x0000000000003aba        0x8 ./Peripheral/src/ch32v30x_sdio.o
                0x0000000000003aba                SDIO_ClearFlag
 .text.USART_Init
                0x0000000000003ac2       0xd8 ./Peripheral/src/ch32v30x_usart.o
                0x0000000000003ac2                USART_Init
 .text.USART_Cmd
                0x0000000000003b9a       0x1c ./Peripheral/src/ch32v30x_usart.o
                0x0000000000003b9a                USART_Cmd
 .text.USART_SendData
                0x0000000000003bb6        0xa ./Peripheral/src/ch32v30x_usart.o
                0x0000000000003bb6                USART_SendData
 .text.USART_GetFlagStatus
                0x0000000000003bc0        0xc ./Peripheral/src/ch32v30x_usart.o
                0x0000000000003bc0                USART_GetFlagStatus
 .text.Delay_Init
                0x0000000000003bcc       0x2a ./Debug/debug.o
                0x0000000000003bcc                Delay_Init
 .text.Delay_Ms
                0x0000000000003bf6       0x36 ./Debug/debug.o
                0x0000000000003bf6                Delay_Ms
 .text.USART_Printf_Init
                0x0000000000003c2c       0x5c ./Debug/debug.o
                0x0000000000003c2c                USART_Printf_Init
 .text._write   0x0000000000003c88       0x3e ./Debug/debug.o
                0x0000000000003c88                _write
 .text._sbrk    0x0000000000003cc6       0x26 ./Debug/debug.o
                0x0000000000003cc6                _sbrk
 .text.memcmp   0x0000000000003cec       0x26 c:/mounriver/mrs_community/toolchain/risc-v embedded gcc/bin/../lib/gcc/riscv-none-embed/8.2.0/../../../../riscv-none-embed/lib/rv32imac/ilp32\libg_nano.a(lib_a-memcmp.o)
                0x0000000000003cec                memcmp
 .text.memcpy   0x0000000000003d12       0xb6 c:/mounriver/mrs_community/toolchain/risc-v embedded gcc/bin/../lib/gcc/riscv-none-embed/8.2.0/../../../../riscv-none-embed/lib/rv32imac/ilp32\libg_nano.a(lib_a-memcpy.o)
                0x0000000000003d12                memcpy
 .text.printf   0x0000000000003dc8       0x40 c:/mounriver/mrs_community/toolchain/risc-v embedded gcc/bin/../lib/gcc/riscv-none-embed/8.2.0/../../../../riscv-none-embed/lib/rv32imac/ilp32\libg_nano.a(lib_a-printf.o)
                0x0000000000003dc8                iprintf
                0x0000000000003dc8                printf
 .text._puts_r  0x0000000000003e08       0xda c:/mounriver/mrs_community/toolchain/risc-v embedded gcc/bin/../lib/gcc/riscv-none-embed/8.2.0/../../../../riscv-none-embed/lib/rv32imac/ilp32\libg_nano.a(lib_a-puts.o)
                0x0000000000003e08                _puts_r
 .text.puts     0x0000000000003ee2        0xc c:/mounriver/mrs_community/toolchain/risc-v embedded gcc/bin/../lib/gcc/riscv-none-embed/8.2.0/../../../../riscv-none-embed/lib/rv32imac/ilp32\libg_nano.a(lib_a-puts.o)
                0x0000000000003ee2                puts
 .text.strchr   0x0000000000003eee       0x1a c:/mounriver/mrs_community/toolchain/risc-v embedded gcc/bin/../lib/gcc/riscv-none-embed/8.2.0/../../../../riscv-none-embed/lib/rv32imac/ilp32\libg_nano.a(lib_a-strchr.o)
                0x0000000000003eee                strchr
 .text.__swbuf_r
                0x0000000000003f08       0xc0 c:/mounriver/mrs_community/toolchain/risc-v embedded gcc/bin/../lib/gcc/riscv-none-embed/8.2.0/../../../../riscv-none-embed/lib/rv32imac/ilp32\libg_nano.a(lib_a-wbuf.o)
                0x0000000000003f08                __swbuf_r
 .text.__swsetup_r
                0x0000000000003fc8      0x10c c:/mounriver/mrs_community/toolchain/risc-v embedded gcc/bin/../lib/gcc/riscv-none-embed/8.2.0/../../../../riscv-none-embed/lib/rv32imac/ilp32\libg_nano.a(lib_a-wsetup.o)
                0x0000000000003fc8                __swsetup_r
 .text.__sflush_r
                0x00000000000040d4      0x13c c:/mounriver/mrs_community/toolchain/risc-v embedded gcc/bin/../lib/gcc/riscv-none-embed/8.2.0/../../../../riscv-none-embed/lib/rv32imac/ilp32\libg_nano.a(lib_a-fflush.o)
                0x00000000000040d4                __sflush_r
 .text._fflush_r
                0x0000000000004210       0x66 c:/mounriver/mrs_community/toolchain/risc-v embedded gcc/bin/../lib/gcc/riscv-none-embed/8.2.0/../../../../riscv-none-embed/lib/rv32imac/ilp32\libg_nano.a(lib_a-fflush.o)
                0x0000000000004210                _fflush_r
 .text.std      0x0000000000004276       0x6a c:/mounriver/mrs_community/toolchain/risc-v embedded gcc/bin/../lib/gcc/riscv-none-embed/8.2.0/../../../../riscv-none-embed/lib/rv32imac/ilp32\libg_nano.a(lib_a-findfp.o)
 .text._cleanup_r
                0x00000000000042e0        0xa c:/mounriver/mrs_community/toolchain/risc-v embedded gcc/bin/../lib/gcc/riscv-none-embed/8.2.0/../../../../riscv-none-embed/lib/rv32imac/ilp32\libg_nano.a(lib_a-findfp.o)
                0x00000000000042e0                _cleanup_r
 .text.__sfmoreglue
                0x00000000000042ea       0x46 c:/mounriver/mrs_community/toolchain/risc-v embedded gcc/bin/../lib/gcc/riscv-none-embed/8.2.0/../../../../riscv-none-embed/lib/rv32imac/ilp32\libg_nano.a(lib_a-findfp.o)
                0x00000000000042ea                __sfmoreglue
 .text.__sinit  0x0000000000004330       0x6c c:/mounriver/mrs_community/toolchain/risc-v embedded gcc/bin/../lib/gcc/riscv-none-embed/8.2.0/../../../../riscv-none-embed/lib/rv32imac/ilp32\libg_nano.a(lib_a-findfp.o)
                0x0000000000004330                __sinit
 .text.__sfp    0x000000000000439c       0xa0 c:/mounriver/mrs_community/toolchain/risc-v embedded gcc/bin/../lib/gcc/riscv-none-embed/8.2.0/../../../../riscv-none-embed/lib/rv32imac/ilp32\libg_nano.a(lib_a-findfp.o)
                0x000000000000439c                __sfp
 .text._fwalk_reent
                0x000000000000443c       0x6c c:/mounriver/mrs_community/toolchain/risc-v embedded gcc/bin/../lib/gcc/riscv-none-embed/8.2.0/../../../../riscv-none-embed/lib/rv32imac/ilp32\libg_nano.a(lib_a-fwalk.o)
                0x000000000000443c                _fwalk_reent
 .text.__swhatbuf_r
                0x00000000000044a8       0x5a c:/mounriver/mrs_community/toolchain/risc-v embedded gcc/bin/../lib/gcc/riscv-none-embed/8.2.0/../../../../riscv-none-embed/lib/rv32imac/ilp32\libg_nano.a(lib_a-makebuf.o)
                0x00000000000044a8                __swhatbuf_r
 .text.__smakebuf_r
                0x0000000000004502       0xa0 c:/mounriver/mrs_community/toolchain/risc-v embedded gcc/bin/../lib/gcc/riscv-none-embed/8.2.0/../../../../riscv-none-embed/lib/rv32imac/ilp32\libg_nano.a(lib_a-makebuf.o)
                0x0000000000004502                __smakebuf_r
 .text._free_r  0x00000000000045a2       0xa8 c:/mounriver/mrs_community/toolchain/risc-v embedded gcc/bin/../lib/gcc/riscv-none-embed/8.2.0/../../../../riscv-none-embed/lib/rv32imac/ilp32\libg_nano.a(lib_a-nano-freer.o)
                0x00000000000045a2                _free_r
 .text._malloc_r
                0x000000000000464a       0xd4 c:/mounriver/mrs_community/toolchain/risc-v embedded gcc/bin/../lib/gcc/riscv-none-embed/8.2.0/../../../../riscv-none-embed/lib/rv32imac/ilp32\libg_nano.a(lib_a-nano-mallocr.o)
                0x000000000000464a                _malloc_r
 .text.__sfputc_r
                0x000000000000471e       0x2a c:/mounriver/mrs_community/toolchain/risc-v embedded gcc/bin/../lib/gcc/riscv-none-embed/8.2.0/../../../../riscv-none-embed/lib/rv32imac/ilp32\libg_nano.a(lib_a-nano-vfprintf.o)
 .text.__sfputs_r
                0x0000000000004748       0x44 c:/mounriver/mrs_community/toolchain/risc-v embedded gcc/bin/../lib/gcc/riscv-none-embed/8.2.0/../../../../riscv-none-embed/lib/rv32imac/ilp32\libg_nano.a(lib_a-nano-vfprintf.o)
                0x0000000000004748                __sfputs_r
 .text._vfprintf_r
                0x000000000000478c      0x29c c:/mounriver/mrs_community/toolchain/risc-v embedded gcc/bin/../lib/gcc/riscv-none-embed/8.2.0/../../../../riscv-none-embed/lib/rv32imac/ilp32\libg_nano.a(lib_a-nano-vfprintf.o)
                0x000000000000478c                _vfprintf_r
                0x000000000000478c                _vfiprintf_r
 .text._printf_common
                0x0000000000004a28      0x10c c:/mounriver/mrs_community/toolchain/risc-v embedded gcc/bin/../lib/gcc/riscv-none-embed/8.2.0/../../../../riscv-none-embed/lib/rv32imac/ilp32\libg_nano.a(lib_a-nano-vfprintf_i.o)
                0x0000000000004a28                _printf_common
 .text._printf_i
                0x0000000000004b34      0x2aa c:/mounriver/mrs_community/toolchain/risc-v embedded gcc/bin/../lib/gcc/riscv-none-embed/8.2.0/../../../../riscv-none-embed/lib/rv32imac/ilp32\libg_nano.a(lib_a-nano-vfprintf_i.o)
                0x0000000000004b34                _printf_i
 .text._sbrk_r  0x0000000000004dde       0x2a c:/mounriver/mrs_community/toolchain/risc-v embedded gcc/bin/../lib/gcc/riscv-none-embed/8.2.0/../../../../riscv-none-embed/lib/rv32imac/ilp32\libg_nano.a(lib_a-sbrkr.o)
                0x0000000000004dde                _sbrk_r
 .text.__sread  0x0000000000004e08       0x30 c:/mounriver/mrs_community/toolchain/risc-v embedded gcc/bin/../lib/gcc/riscv-none-embed/8.2.0/../../../../riscv-none-embed/lib/rv32imac/ilp32\libg_nano.a(lib_a-stdio.o)
                0x0000000000004e08                __sread
 .text.__swrite
                0x0000000000004e38       0x4e c:/mounriver/mrs_community/toolchain/risc-v embedded gcc/bin/../lib/gcc/riscv-none-embed/8.2.0/../../../../riscv-none-embed/lib/rv32imac/ilp32\libg_nano.a(lib_a-stdio.o)
                0x0000000000004e38                __swrite
 .text.__sseek  0x0000000000004e86       0x36 c:/mounriver/mrs_community/toolchain/risc-v embedded gcc/bin/../lib/gcc/riscv-none-embed/8.2.0/../../../../riscv-none-embed/lib/rv32imac/ilp32\libg_nano.a(lib_a-stdio.o)
                0x0000000000004e86                __sseek
 .text.__sclose
                0x0000000000004ebc        0x6 c:/mounriver/mrs_community/toolchain/risc-v embedded gcc/bin/../lib/gcc/riscv-none-embed/8.2.0/../../../../riscv-none-embed/lib/rv32imac/ilp32\libg_nano.a(lib_a-stdio.o)
                0x0000000000004ebc                __sclose
 .text._write_r
                0x0000000000004ec2       0x2e c:/mounriver/mrs_community/toolchain/risc-v embedded gcc/bin/../lib/gcc/riscv-none-embed/8.2.0/../../../../riscv-none-embed/lib/rv32imac/ilp32\libg_nano.a(lib_a-writer.o)
                0x0000000000004ec2                _write_r
 .text._close_r
                0x0000000000004ef0       0x28 c:/mounriver/mrs_community/toolchain/risc-v embedded gcc/bin/../lib/gcc/riscv-none-embed/8.2.0/../../../../riscv-none-embed/lib/rv32imac/ilp32\libg_nano.a(lib_a-closer.o)
                0x0000000000004ef0                _close_r
 .text._fstat_r
                0x0000000000004f18       0x2a c:/mounriver/mrs_community/toolchain/risc-v embedded gcc/bin/../lib/gcc/riscv-none-embed/8.2.0/../../../../riscv-none-embed/lib/rv32imac/ilp32\libg_nano.a(lib_a-fstatr.o)
                0x0000000000004f18                _fstat_r
 .text._isatty_r
                0x0000000000004f42       0x28 c:/mounriver/mrs_community/toolchain/risc-v embedded gcc/bin/../lib/gcc/riscv-none-embed/8.2.0/../../../../riscv-none-embed/lib/rv32imac/ilp32\libg_nano.a(lib_a-isattyr.o)
                0x0000000000004f42                _isatty_r
 .text._lseek_r
                0x0000000000004f6a       0x2c c:/mounriver/mrs_community/toolchain/risc-v embedded gcc/bin/../lib/gcc/riscv-none-embed/8.2.0/../../../../riscv-none-embed/lib/rv32imac/ilp32\libg_nano.a(lib_a-lseekr.o)
                0x0000000000004f6a                _lseek_r
 .text.memchr   0x0000000000004f96       0x1a c:/mounriver/mrs_community/toolchain/risc-v embedded gcc/bin/../lib/gcc/riscv-none-embed/8.2.0/../../../../riscv-none-embed/lib/rv32imac/ilp32\libg_nano.a(lib_a-memchr.o)
                0x0000000000004f96                memchr
 .text.__malloc_lock
                0x0000000000004fb0        0x2 c:/mounriver/mrs_community/toolchain/risc-v embedded gcc/bin/../lib/gcc/riscv-none-embed/8.2.0/../../../../riscv-none-embed/lib/rv32imac/ilp32\libg_nano.a(lib_a-mlock.o)
                0x0000000000004fb0                __malloc_lock
 .text.__malloc_unlock
                0x0000000000004fb2        0x2 c:/mounriver/mrs_community/toolchain/risc-v embedded gcc/bin/../lib/gcc/riscv-none-embed/8.2.0/../../../../riscv-none-embed/lib/rv32imac/ilp32\libg_nano.a(lib_a-mlock.o)
                0x0000000000004fb2                __malloc_unlock
 .text._read_r  0x0000000000004fb4       0x2c c:/mounriver/mrs_community/toolchain/risc-v embedded gcc/bin/../lib/gcc/riscv-none-embed/8.2.0/../../../../riscv-none-embed/lib/rv32imac/ilp32\libg_nano.a(lib_a-readr.o)
                0x0000000000004fb4                _read_r
 .text._close   0x0000000000004fe0        0xc c:/mounriver/mrs_community/toolchain/risc-v embedded gcc/bin/../lib/gcc/riscv-none-embed/8.2.0/../../../../riscv-none-embed/lib/rv32imac/ilp32\libnosys.a(close.o)
                0x0000000000004fe0                _close
 .text._fstat   0x0000000000004fec        0xc c:/mounriver/mrs_community/toolchain/risc-v embedded gcc/bin/../lib/gcc/riscv-none-embed/8.2.0/../../../../riscv-none-embed/lib/rv32imac/ilp32\libnosys.a(fstat.o)
                0x0000000000004fec                _fstat
 .text._isatty  0x0000000000004ff8        0xc c:/mounriver/mrs_community/toolchain/risc-v embedded gcc/bin/../lib/gcc/riscv-none-embed/8.2.0/../../../../riscv-none-embed/lib/rv32imac/ilp32\libnosys.a(isatty.o)
                0x0000000000004ff8                _isatty
 .text._lseek   0x0000000000005004        0xc c:/mounriver/mrs_community/toolchain/risc-v embedded gcc/bin/../lib/gcc/riscv-none-embed/8.2.0/../../../../riscv-none-embed/lib/rv32imac/ilp32\libnosys.a(lseek.o)
                0x0000000000005004                _lseek
 .text._read    0x0000000000005010        0xc c:/mounriver/mrs_community/toolchain/risc-v embedded gcc/bin/../lib/gcc/riscv-none-embed/8.2.0/../../../../riscv-none-embed/lib/rv32imac/ilp32\libnosys.a(read.o)
                0x0000000000005010                _read
 *(.rodata)
 *(.rodata*)
 .rodata.ExCvt  0x000000000000501c       0x80 ./User/ff/ff.o
 .rodata.check_fs.str1.4
                0x000000000000509c        0x9 ./User/ff/ff.o
 *fill*         0x00000000000050a5        0x3 
 .rodata.f_open.str1.4
                0x00000000000050a8        0xf ./User/ff/ff.o
 *fill*         0x00000000000050b7        0x1 
 .rodata.main.str1.4
                0x00000000000050b8       0x9e ./User/main.o
                                         0xa2 (size before relaxing)
 *fill*         0x0000000000005156        0x2 
 .rodata.show_sdcard_info.str1.4
                0x0000000000005158       0xb6 ./User/main.o
 *fill*         0x000000000000520e        0x2 
 .rodata.__sf_fake_stderr
                0x0000000000005210       0x20 c:/mounriver/mrs_community/toolchain/risc-v embedded gcc/bin/../lib/gcc/riscv-none-embed/8.2.0/../../../../riscv-none-embed/lib/rv32imac/ilp32\libg_nano.a(lib_a-findfp.o)
                0x0000000000005210                __sf_fake_stderr
 .rodata.__sf_fake_stdin
                0x0000000000005230       0x20 c:/mounriver/mrs_community/toolchain/risc-v embedded gcc/bin/../lib/gcc/riscv-none-embed/8.2.0/../../../../riscv-none-embed/lib/rv32imac/ilp32\libg_nano.a(lib_a-findfp.o)
                0x0000000000005230                __sf_fake_stdin
 .rodata.__sf_fake_stdout
                0x0000000000005250       0x20 c:/mounriver/mrs_community/toolchain/risc-v embedded gcc/bin/../lib/gcc/riscv-none-embed/8.2.0/../../../../riscv-none-embed/lib/rv32imac/ilp32\libg_nano.a(lib_a-findfp.o)
                0x0000000000005250                __sf_fake_stdout
 .rodata._vfprintf_r.str1.4
                0x0000000000005270       0x13 c:/mounriver/mrs_community/toolchain/risc-v embedded gcc/bin/../lib/gcc/riscv-none-embed/8.2.0/../../../../riscv-none-embed/lib/rv32imac/ilp32\libg_nano.a(lib_a-nano-vfprintf.o)
 *fill*         0x0000000000005283        0x1 
 .rodata._printf_i.str1.4
                0x0000000000005284       0x28 c:/mounriver/mrs_community/toolchain/risc-v embedded gcc/bin/../lib/gcc/riscv-none-embed/8.2.0/../../../../riscv-none-embed/lib/rv32imac/ilp32\libg_nano.a(lib_a-nano-vfprintf_i.o)
                                         0x25 (size before relaxing)
 *(.gnu.linkonce.t.*)
                0x00000000000052ac                . = ALIGN (0x4)

.rela.dyn       0x00000000000052ac        0x0
 .rela.init     0x00000000000052ac        0x0 ./User/ff/ff.o
 .rela.vector   0x00000000000052ac        0x0 ./User/ff/ff.o
 .rela.text.handle_reset
                0x00000000000052ac        0x0 ./User/ff/ff.o
 .rela.text._sbrk
                0x00000000000052ac        0x0 ./User/ff/ff.o
 .rela.sdata.curbrk.5269
                0x00000000000052ac        0x0 ./User/ff/ff.o
 .rela.text._vfprintf_r
                0x00000000000052ac        0x0 ./User/ff/ff.o
 .rela.text._sbrk_r
                0x00000000000052ac        0x0 ./User/ff/ff.o
 .rela.text._write_r
                0x00000000000052ac        0x0 ./User/ff/ff.o
 .rela.text._close_r
                0x00000000000052ac        0x0 ./User/ff/ff.o
 .rela.text._fstat_r
                0x00000000000052ac        0x0 ./User/ff/ff.o
 .rela.text._isatty_r
                0x00000000000052ac        0x0 ./User/ff/ff.o
 .rela.text._lseek_r
                0x00000000000052ac        0x0 ./User/ff/ff.o
 .rela.text._read_r
                0x00000000000052ac        0x0 ./User/ff/ff.o
 .rela.text._close
                0x00000000000052ac        0x0 ./User/ff/ff.o
 .rela.text._fstat
                0x00000000000052ac        0x0 ./User/ff/ff.o
 .rela.text._isatty
                0x00000000000052ac        0x0 ./User/ff/ff.o
 .rela.text._lseek
                0x00000000000052ac        0x0 ./User/ff/ff.o
 .rela.text._read
                0x00000000000052ac        0x0 ./User/ff/ff.o

.fini           0x00000000000052ac        0x0
 *(SORT_NONE(.fini))
                0x00000000000052ac                . = ALIGN (0x4)
                [!provide]                        PROVIDE (_etext = .)
                [!provide]                        PROVIDE (_eitcm = .)

.preinit_array  0x00000000000052ac        0x0
                [!provide]                        PROVIDE (__preinit_array_start = .)
 *(.preinit_array)
                [!provide]                        PROVIDE (__preinit_array_end = .)

.init_array     0x00000000000052ac        0x0
                [!provide]                        PROVIDE (__init_array_start = .)
 *(SORT_BY_INIT_PRIORITY(.init_array.*) SORT_BY_INIT_PRIORITY(.ctors.*))
 *(.init_array EXCLUDE_FILE(*crtend?.o *crtend.o *crtbegin?.o *crtbegin.o) .ctors)
                [!provide]                        PROVIDE (__init_array_end = .)

.fini_array     0x00000000000052ac        0x0
                [!provide]                        PROVIDE (__fini_array_start = .)
 *(SORT_BY_INIT_PRIORITY(.fini_array.*) SORT_BY_INIT_PRIORITY(.dtors.*))
 *(.fini_array EXCLUDE_FILE(*crtend?.o *crtend.o *crtbegin?.o *crtbegin.o) .dtors)
                [!provide]                        PROVIDE (__fini_array_end = .)

.ctors
 *crtbegin.o(.ctors)
 *crtbegin?.o(.ctors)
 *(EXCLUDE_FILE(*crtend?.o *crtend.o) .ctors)
 *(SORT_BY_NAME(.ctors.*))
 *(.ctors)

.dtors
 *crtbegin.o(.dtors)
 *crtbegin?.o(.dtors)
 *(EXCLUDE_FILE(*crtend?.o *crtend.o) .dtors)
 *(SORT_BY_NAME(.dtors.*))
 *(.dtors)

.dalign         0x0000000020000000        0x0 load address 0x00000000000052ac
                0x0000000020000000                . = ALIGN (0x4)
                0x0000000020000000                PROVIDE (_data_vma = .)

.dlalign        0x00000000000052ac        0x0
                0x00000000000052ac                . = ALIGN (0x4)
                0x00000000000052ac                PROVIDE (_data_lma = .)

.data           0x0000000020000000       0x98 load address 0x00000000000052ac
 *(.gnu.linkonce.r.*)
 *(.data .data.*)
 .data.AHBPrescTable
                0x0000000020000000       0x10 ./User/system_ch32v30x.o
                0x0000000020000000                AHBPrescTable
 .data.APBAHBPrescTable
                0x0000000020000010       0x10 ./Peripheral/src/ch32v30x_rcc.o
 .data.impure_data
                0x0000000020000020       0x60 c:/mounriver/mrs_community/toolchain/risc-v embedded gcc/bin/../lib/gcc/riscv-none-embed/8.2.0/../../../../riscv-none-embed/lib/rv32imac/ilp32\libg_nano.a(lib_a-impure.o)
 *(.gnu.linkonce.d.*)
                0x0000000020000080                . = ALIGN (0x8)
                0x0000000020000880                PROVIDE (__global_pointer$ = (. + 0x800))
 *(.sdata .sdata.*)
 .sdata.Stat    0x0000000020000080        0x1 ./User/ff/sdmm.o
 *fill*         0x0000000020000081        0x3 
 .sdata.SystemCoreClock
                0x0000000020000084        0x4 ./User/system_ch32v30x.o
                0x0000000020000084                SystemCoreClock
 .sdata.ADCPrescTable
                0x0000000020000088        0x4 ./Peripheral/src/ch32v30x_rcc.o
 .sdata.curbrk.5269
                0x000000002000008c        0x4 ./Debug/debug.o
 .sdata._impure_ptr
                0x0000000020000090        0x4 c:/mounriver/mrs_community/toolchain/risc-v embedded gcc/bin/../lib/gcc/riscv-none-embed/8.2.0/../../../../riscv-none-embed/lib/rv32imac/ilp32\libg_nano.a(lib_a-impure.o)
                0x0000000020000090                _impure_ptr
 *(.sdata2.*)
 .sdata2._global_impure_ptr
                0x0000000020000094        0x4 c:/mounriver/mrs_community/toolchain/risc-v embedded gcc/bin/../lib/gcc/riscv-none-embed/8.2.0/../../../../riscv-none-embed/lib/rv32imac/ilp32\libg_nano.a(lib_a-impure.o)
                0x0000000020000094                _global_impure_ptr
 *(.gnu.linkonce.s.*)
                0x0000000020000098                . = ALIGN (0x8)
 *(.srodata.cst16)
 *(.srodata.cst8)
 *(.srodata.cst4)
 *(.srodata.cst2)
 *(.srodata .srodata.*)
                0x0000000020000098                . = ALIGN (0x4)
                0x0000000020000098                PROVIDE (_edata = .)

.bss            0x0000000020000098      0x370 load address 0x0000000000005344
                0x0000000020000098                . = ALIGN (0x4)
                0x0000000020000098                PROVIDE (_sbss = .)
 *(.sbss*)
 .sbss.FatFs    0x0000000020000098        0x4 ./User/ff/ff.o
 .sbss.Fsid     0x000000002000009c        0x2 ./User/ff/ff.o
 .sbss.CardType
                0x000000002000009e        0x1 ./User/ff/sdio.o
 .sbss.DeviceMode
                0x000000002000009f        0x1 ./User/ff/sdio.o
 .sbss.RCA      0x00000000200000a0        0x4 ./User/ff/sdio.o
 .sbss.StopCondition
                0x00000000200000a4        0x1 ./User/ff/sdio.o
 .sbss.TransferEnd
                0x00000000200000a5        0x1 ./User/ff/sdio.o
                0x00000000200000a5                TransferEnd
 *fill*         0x00000000200000a6        0x2 
 .sbss.TransferError
                0x00000000200000a8        0x4 ./User/ff/sdio.o
                0x00000000200000a8                TransferError
 .sbss.tempbuff
                0x00000000200000ac        0x4 ./User/ff/sdio.o
                0x00000000200000ac                tempbuff
 .sbss.led_s    0x00000000200000b0        0x4 ./User/main.o
 .sbss.NVIC_Priority_Group
                0x00000000200000b4        0x4 ./Peripheral/src/ch32v30x_misc.o
                0x00000000200000b4                NVIC_Priority_Group
 .sbss.p_ms     0x00000000200000b8        0x2 ./Debug/debug.o
 .sbss.p_us     0x00000000200000ba        0x1 ./Debug/debug.o
 *fill*         0x00000000200000bb        0x1 
 .sbss.__malloc_free_list
                0x00000000200000bc        0x4 c:/mounriver/mrs_community/toolchain/risc-v embedded gcc/bin/../lib/gcc/riscv-none-embed/8.2.0/../../../../riscv-none-embed/lib/rv32imac/ilp32\libg_nano.a(lib_a-nano-mallocr.o)
                0x00000000200000bc                __malloc_free_list
 .sbss.__malloc_sbrk_start
                0x00000000200000c0        0x4 c:/mounriver/mrs_community/toolchain/risc-v embedded gcc/bin/../lib/gcc/riscv-none-embed/8.2.0/../../../../riscv-none-embed/lib/rv32imac/ilp32\libg_nano.a(lib_a-nano-mallocr.o)
                0x00000000200000c0                __malloc_sbrk_start
 *(.gnu.linkonce.sb.*)
 *(.bss*)
 .bss.CID_Tab   0x00000000200000c4       0x10 ./User/ff/sdio.o
 .bss.CSD_Tab   0x00000000200000d4       0x10 ./User/ff/sdio.o
 *fill*         0x00000000200000e4        0x4 
 .bss.SDCardInfo
                0x00000000200000e8       0x58 ./User/ff/sdio.o
                0x00000000200000e8                SDCardInfo
 .bss.SDIO_CmdInitStructure
                0x0000000020000140       0x14 ./User/ff/sdio.o
                0x0000000020000140                SDIO_CmdInitStructure
 .bss.SDIO_DATA_BUFFER
                0x0000000020000154      0x200 ./User/ff/sdio.o
                0x0000000020000154                SDIO_DATA_BUFFER
 .bss.SDIO_DataInitStructure
                0x0000000020000354       0x18 ./User/ff/sdio.o
                0x0000000020000354                SDIO_DataInitStructure
 .bss.SDIO_InitStructure
                0x000000002000036c       0x18 ./User/ff/sdio.o
                0x000000002000036c                SDIO_InitStructure
 .bss.buff_msg  0x0000000020000384       0x80 ./User/main.o
                0x0000000020000384                buff_msg
 *(.gnu.linkonce.b.*)
 *(COMMON*)
 COMMON         0x0000000020000404        0x4 c:/mounriver/mrs_community/toolchain/risc-v embedded gcc/bin/../lib/gcc/riscv-none-embed/8.2.0/../../../../riscv-none-embed/lib/rv32imac/ilp32\libg_nano.a(lib_a-reent.o)
                0x0000000020000404                errno
                0x0000000020000408                . = ALIGN (0x4)
                0x0000000020000408                PROVIDE (_ebss = .)
                0x0000000020000408                PROVIDE (_end = _ebss)
                [!provide]                        PROVIDE (end = .)

.stack          0x0000000020007800      0x800
                0x0000000020007800                PROVIDE (_heap_end = .)
                0x0000000020007800                . = ALIGN (0x4)
                [!provide]                        PROVIDE (_susrstack = .)
                0x0000000020008000                . = (. + __stack_size)
 *fill*         0x0000000020007800      0x800 
                0x0000000020008000                PROVIDE (_eusrstack = .)
OUTPUT(SD_CH32V305RBT6_R1.elf elf32-littleriscv)

.debug_info     0x0000000000000000    0x123a0
 .debug_info    0x0000000000000000     0x2e9c ./User/ff/ff.o
 .debug_info    0x0000000000002e9c     0x355d ./User/ff/sdio.o
 .debug_info    0x00000000000063f9     0x108a ./User/ff/sdmm.o
 .debug_info    0x0000000000007483      0x962 ./User/ch32v30x_it.o
 .debug_info    0x0000000000007de5     0x178f ./User/main.o
 .debug_info    0x0000000000009574      0xb89 ./User/system_ch32v30x.o
 .debug_info    0x000000000000a0fd       0x22 ./Startup/startup_ch32v30x_D8C.o
 .debug_info    0x000000000000a11f      0xa94 ./Peripheral/src/ch32v30x_dbgmcu.o
 .debug_info    0x000000000000abb3      0xd16 ./Peripheral/src/ch32v30x_dma.o
 .debug_info    0x000000000000b8c9     0x11ea ./Peripheral/src/ch32v30x_gpio.o
 .debug_info    0x000000000000cab3      0xf72 ./Peripheral/src/ch32v30x_misc.o
 .debug_info    0x000000000000da25     0x156e ./Peripheral/src/ch32v30x_rcc.o
 .debug_info    0x000000000000ef93     0x10d1 ./Peripheral/src/ch32v30x_sdio.o
 .debug_info    0x0000000000010064     0x1420 ./Peripheral/src/ch32v30x_usart.o
 .debug_info    0x0000000000011484      0xf1c ./Debug/debug.o

.debug_abbrev   0x0000000000000000     0x2d87
 .debug_abbrev  0x0000000000000000      0x41e ./User/ff/ff.o
 .debug_abbrev  0x000000000000041e      0x510 ./User/ff/sdio.o
 .debug_abbrev  0x000000000000092e      0x314 ./User/ff/sdmm.o
 .debug_abbrev  0x0000000000000c42      0x1cf ./User/ch32v30x_it.o
 .debug_abbrev  0x0000000000000e11      0x3ba ./User/main.o
 .debug_abbrev  0x00000000000011cb      0x2c0 ./User/system_ch32v30x.o
 .debug_abbrev  0x000000000000148b       0x12 ./Startup/startup_ch32v30x_D8C.o
 .debug_abbrev  0x000000000000149d      0x2f7 ./Peripheral/src/ch32v30x_dbgmcu.o
 .debug_abbrev  0x0000000000001794      0x2fd ./Peripheral/src/ch32v30x_dma.o
 .debug_abbrev  0x0000000000001a91      0x31a ./Peripheral/src/ch32v30x_gpio.o
 .debug_abbrev  0x0000000000001dab      0x2fb ./Peripheral/src/ch32v30x_misc.o
 .debug_abbrev  0x00000000000020a6      0x351 ./Peripheral/src/ch32v30x_rcc.o
 .debug_abbrev  0x00000000000023f7      0x385 ./Peripheral/src/ch32v30x_sdio.o
 .debug_abbrev  0x000000000000277c      0x312 ./Peripheral/src/ch32v30x_usart.o
 .debug_abbrev  0x0000000000002a8e      0x2f9 ./Debug/debug.o

.debug_loc      0x0000000000000000     0x6544
 .debug_loc     0x0000000000000000     0x265e ./User/ff/ff.o
 .debug_loc     0x000000000000265e     0x1a82 ./User/ff/sdio.o
 .debug_loc     0x00000000000040e0      0x2d7 ./User/ff/sdmm.o
 .debug_loc     0x00000000000043b7      0x11c ./User/main.o
 .debug_loc     0x00000000000044d3       0xda ./User/system_ch32v30x.o
 .debug_loc     0x00000000000045ad       0x7c ./Peripheral/src/ch32v30x_dbgmcu.o
 .debug_loc     0x0000000000004629      0x19a ./Peripheral/src/ch32v30x_dma.o
 .debug_loc     0x00000000000047c3      0x6eb ./Peripheral/src/ch32v30x_gpio.o
 .debug_loc     0x0000000000004eae       0xce ./Peripheral/src/ch32v30x_misc.o
 .debug_loc     0x0000000000004f7c      0xadb ./Peripheral/src/ch32v30x_rcc.o
 .debug_loc     0x0000000000005a57      0x1bb ./Peripheral/src/ch32v30x_sdio.o
 .debug_loc     0x0000000000005c12      0x7bb ./Peripheral/src/ch32v30x_usart.o
 .debug_loc     0x00000000000063cd      0x177 ./Debug/debug.o

.debug_aranges  0x0000000000000000      0x830
 .debug_aranges
                0x0000000000000000       0xc0 ./User/ff/ff.o
 .debug_aranges
                0x00000000000000c0      0x108 ./User/ff/sdio.o
 .debug_aranges
                0x00000000000001c8       0x40 ./User/ff/sdmm.o
 .debug_aranges
                0x0000000000000208       0x28 ./User/ch32v30x_it.o
 .debug_aranges
                0x0000000000000230       0x40 ./User/main.o
 .debug_aranges
                0x0000000000000270       0x28 ./User/system_ch32v30x.o
 .debug_aranges
                0x0000000000000298       0x30 ./Startup/startup_ch32v30x_D8C.o
 .debug_aranges
                0x00000000000002c8       0x48 ./Peripheral/src/ch32v30x_dbgmcu.o
 .debug_aranges
                0x0000000000000310       0x60 ./Peripheral/src/ch32v30x_dma.o
 .debug_aranges
                0x0000000000000370       0xb0 ./Peripheral/src/ch32v30x_gpio.o
 .debug_aranges
                0x0000000000000420       0x28 ./Peripheral/src/ch32v30x_misc.o
 .debug_aranges
                0x0000000000000448      0x1a8 ./Peripheral/src/ch32v30x_rcc.o
 .debug_aranges
                0x00000000000005f0       0xf8 ./Peripheral/src/ch32v30x_sdio.o
 .debug_aranges
                0x00000000000006e8      0x100 ./Peripheral/src/ch32v30x_usart.o
 .debug_aranges
                0x00000000000007e8       0x48 ./Debug/debug.o

.debug_ranges   0x0000000000000000      0xa88
 .debug_ranges  0x0000000000000000      0x348 ./User/ff/ff.o
 .debug_ranges  0x0000000000000348       0xf8 ./User/ff/sdio.o
 .debug_ranges  0x0000000000000440       0x30 ./User/ff/sdmm.o
 .debug_ranges  0x0000000000000470       0x18 ./User/ch32v30x_it.o
 .debug_ranges  0x0000000000000488       0x70 ./User/main.o
 .debug_ranges  0x00000000000004f8       0x38 ./User/system_ch32v30x.o
 .debug_ranges  0x0000000000000530       0x28 ./Startup/startup_ch32v30x_D8C.o
 .debug_ranges  0x0000000000000558       0x50 ./Peripheral/src/ch32v30x_dbgmcu.o
 .debug_ranges  0x00000000000005a8       0x50 ./Peripheral/src/ch32v30x_dma.o
 .debug_ranges  0x00000000000005f8       0xa0 ./Peripheral/src/ch32v30x_gpio.o
 .debug_ranges  0x0000000000000698       0x48 ./Peripheral/src/ch32v30x_misc.o
 .debug_ranges  0x00000000000006e0      0x198 ./Peripheral/src/ch32v30x_rcc.o
 .debug_ranges  0x0000000000000878       0xe8 ./Peripheral/src/ch32v30x_sdio.o
 .debug_ranges  0x0000000000000960       0xf0 ./Peripheral/src/ch32v30x_usart.o
 .debug_ranges  0x0000000000000a50       0x38 ./Debug/debug.o

.debug_line     0x0000000000000000    0x114a2
 .debug_line    0x0000000000000000     0x4830 ./User/ff/ff.o
 .debug_line    0x0000000000004830     0x53e7 ./User/ff/sdio.o
 .debug_line    0x0000000000009c17      0x500 ./User/ff/sdmm.o
 .debug_line    0x000000000000a117      0x219 ./User/ch32v30x_it.o
 .debug_line    0x000000000000a330      0x839 ./User/main.o
 .debug_line    0x000000000000ab69      0x72d ./User/system_ch32v30x.o
 .debug_line    0x000000000000b296      0x356 ./Startup/startup_ch32v30x_D8C.o
 .debug_line    0x000000000000b5ec      0x362 ./Peripheral/src/ch32v30x_dbgmcu.o
 .debug_line    0x000000000000b94e      0x9ab ./Peripheral/src/ch32v30x_dma.o
 .debug_line    0x000000000000c2f9     0x1048 ./Peripheral/src/ch32v30x_gpio.o
 .debug_line    0x000000000000d341      0x4ab ./Peripheral/src/ch32v30x_misc.o
 .debug_line    0x000000000000d7ec     0x1963 ./Peripheral/src/ch32v30x_rcc.o
 .debug_line    0x000000000000f14f      0xc75 ./Peripheral/src/ch32v30x_sdio.o
 .debug_line    0x000000000000fdc4     0x1001 ./Peripheral/src/ch32v30x_usart.o
 .debug_line    0x0000000000010dc5      0x6dd ./Debug/debug.o

.debug_str      0x0000000000000000     0x320a
 .debug_str     0x0000000000000000      0x995 ./User/ff/ff.o
                                        0xa60 (size before relaxing)
 .debug_str     0x0000000000000995     0x14ad ./User/ff/sdio.o
                                       0x1a90 (size before relaxing)
 .debug_str     0x0000000000001e42       0x24 ./User/ff/sdmm.o
                                        0xc18 (size before relaxing)
 .debug_str     0x0000000000001e66       0x34 ./User/ch32v30x_it.o
                                        0x5a7 (size before relaxing)
 .debug_str     0x0000000000001e9a      0x178 ./User/main.o
                                        0xd77 (size before relaxing)
 .debug_str     0x0000000000002012       0xf6 ./User/system_ch32v30x.o
                                        0x6be (size before relaxing)
 .debug_str     0x0000000000002108       0x2e ./Startup/startup_ch32v30x_D8C.o
                                         0x5d (size before relaxing)
 .debug_str     0x0000000000002136       0x87 ./Peripheral/src/ch32v30x_dbgmcu.o
                                        0x637 (size before relaxing)
 .debug_str     0x00000000000021bd       0xfc ./Peripheral/src/ch32v30x_dma.o
                                        0x7e4 (size before relaxing)
 .debug_str     0x00000000000022b9      0x23d ./Peripheral/src/ch32v30x_gpio.o
                                        0x9a1 (size before relaxing)
 .debug_str     0x00000000000024f6      0x104 ./Peripheral/src/ch32v30x_misc.o
                                        0xcbc (size before relaxing)
 .debug_str     0x00000000000025fa      0x5b5 ./Peripheral/src/ch32v30x_rcc.o
                                        0xcbb (size before relaxing)
 .debug_str     0x0000000000002baf      0x203 ./Peripheral/src/ch32v30x_sdio.o
                                        0xa4f (size before relaxing)
 .debug_str     0x0000000000002db2      0x3d9 ./Peripheral/src/ch32v30x_usart.o
                                        0xb08 (size before relaxing)
 .debug_str     0x000000000000318b       0x7f ./Debug/debug.o
                                        0x8f0 (size before relaxing)

.comment        0x0000000000000000       0x33
 .comment       0x0000000000000000       0x33 ./User/ff/ff.o
                                         0x34 (size before relaxing)
 .comment       0x0000000000000033       0x34 ./User/ff/sdio.o
 .comment       0x0000000000000033       0x34 ./User/ff/sdmm.o
 .comment       0x0000000000000033       0x34 ./User/ch32v30x_it.o
 .comment       0x0000000000000033       0x34 ./User/main.o
 .comment       0x0000000000000033       0x34 ./User/system_ch32v30x.o
 .comment       0x0000000000000033       0x34 ./Peripheral/src/ch32v30x_dbgmcu.o
 .comment       0x0000000000000033       0x34 ./Peripheral/src/ch32v30x_dma.o
 .comment       0x0000000000000033       0x34 ./Peripheral/src/ch32v30x_gpio.o
 .comment       0x0000000000000033       0x34 ./Peripheral/src/ch32v30x_misc.o
 .comment       0x0000000000000033       0x34 ./Peripheral/src/ch32v30x_rcc.o
 .comment       0x0000000000000033       0x34 ./Peripheral/src/ch32v30x_sdio.o
 .comment       0x0000000000000033       0x34 ./Peripheral/src/ch32v30x_usart.o
 .comment       0x0000000000000033       0x34 ./Debug/debug.o

.debug_frame    0x0000000000000000     0x1e20
 .debug_frame   0x0000000000000000      0x394 ./User/ff/ff.o
 .debug_frame   0x0000000000000394      0x49c ./User/ff/sdio.o
 .debug_frame   0x0000000000000830       0x84 ./User/ff/sdmm.o
 .debug_frame   0x00000000000008b4       0x30 ./User/ch32v30x_it.o
 .debug_frame   0x00000000000008e4       0xb8 ./User/main.o
 .debug_frame   0x000000000000099c       0x3c ./User/system_ch32v30x.o
 .debug_frame   0x00000000000009d8       0x70 ./Peripheral/src/ch32v30x_dbgmcu.o
 .debug_frame   0x0000000000000a48       0xd8 ./Peripheral/src/ch32v30x_dma.o
 .debug_frame   0x0000000000000b20      0x174 ./Peripheral/src/ch32v30x_gpio.o
 .debug_frame   0x0000000000000c94       0x30 ./Peripheral/src/ch32v30x_misc.o
 .debug_frame   0x0000000000000cc4      0x344 ./Peripheral/src/ch32v30x_rcc.o
 .debug_frame   0x0000000000001008      0x204 ./Peripheral/src/ch32v30x_sdio.o
 .debug_frame   0x000000000000120c      0x204 ./Peripheral/src/ch32v30x_usart.o
 .debug_frame   0x0000000000001410       0x9c ./Debug/debug.o
 .debug_frame   0x00000000000014ac       0x20 c:/mounriver/mrs_community/toolchain/risc-v embedded gcc/bin/../lib/gcc/riscv-none-embed/8.2.0/../../../../riscv-none-embed/lib/rv32imac/ilp32\libg_nano.a(lib_a-memcmp.o)
 .debug_frame   0x00000000000014cc       0x20 c:/mounriver/mrs_community/toolchain/risc-v embedded gcc/bin/../lib/gcc/riscv-none-embed/8.2.0/../../../../riscv-none-embed/lib/rv32imac/ilp32\libg_nano.a(lib_a-memcpy.o)
 .debug_frame   0x00000000000014ec       0x54 c:/mounriver/mrs_community/toolchain/risc-v embedded gcc/bin/../lib/gcc/riscv-none-embed/8.2.0/../../../../riscv-none-embed/lib/rv32imac/ilp32\libg_nano.a(lib_a-printf.o)
 .debug_frame   0x0000000000001540       0x54 c:/mounriver/mrs_community/toolchain/risc-v embedded gcc/bin/../lib/gcc/riscv-none-embed/8.2.0/../../../../riscv-none-embed/lib/rv32imac/ilp32\libg_nano.a(lib_a-puts.o)
 .debug_frame   0x0000000000001594       0x20 c:/mounriver/mrs_community/toolchain/risc-v embedded gcc/bin/../lib/gcc/riscv-none-embed/8.2.0/../../../../riscv-none-embed/lib/rv32imac/ilp32\libg_nano.a(lib_a-strchr.o)
 .debug_frame   0x00000000000015b4       0x50 c:/mounriver/mrs_community/toolchain/risc-v embedded gcc/bin/../lib/gcc/riscv-none-embed/8.2.0/../../../../riscv-none-embed/lib/rv32imac/ilp32\libg_nano.a(lib_a-wbuf.o)
 .debug_frame   0x0000000000001604       0x3c c:/mounriver/mrs_community/toolchain/risc-v embedded gcc/bin/../lib/gcc/riscv-none-embed/8.2.0/../../../../riscv-none-embed/lib/rv32imac/ilp32\libg_nano.a(lib_a-wsetup.o)
 .debug_frame   0x0000000000001640       0x7c c:/mounriver/mrs_community/toolchain/risc-v embedded gcc/bin/../lib/gcc/riscv-none-embed/8.2.0/../../../../riscv-none-embed/lib/rv32imac/ilp32\libg_nano.a(lib_a-fflush.o)
 .debug_frame   0x00000000000016bc      0x148 c:/mounriver/mrs_community/toolchain/risc-v embedded gcc/bin/../lib/gcc/riscv-none-embed/8.2.0/../../../../riscv-none-embed/lib/rv32imac/ilp32\libg_nano.a(lib_a-findfp.o)
 .debug_frame   0x0000000000001804       0x88 c:/mounriver/mrs_community/toolchain/risc-v embedded gcc/bin/../lib/gcc/riscv-none-embed/8.2.0/../../../../riscv-none-embed/lib/rv32imac/ilp32\libg_nano.a(lib_a-fwalk.o)
 .debug_frame   0x000000000000188c       0x64 c:/mounriver/mrs_community/toolchain/risc-v embedded gcc/bin/../lib/gcc/riscv-none-embed/8.2.0/../../../../riscv-none-embed/lib/rv32imac/ilp32\libg_nano.a(lib_a-makebuf.o)
 .debug_frame   0x00000000000018f0       0x40 c:/mounriver/mrs_community/toolchain/risc-v embedded gcc/bin/../lib/gcc/riscv-none-embed/8.2.0/../../../../riscv-none-embed/lib/rv32imac/ilp32\libg_nano.a(lib_a-nano-freer.o)
 .debug_frame   0x0000000000001930       0x40 c:/mounriver/mrs_community/toolchain/risc-v embedded gcc/bin/../lib/gcc/riscv-none-embed/8.2.0/../../../../riscv-none-embed/lib/rv32imac/ilp32\libg_nano.a(lib_a-nano-mallocr.o)
 .debug_frame   0x0000000000001970       0xd0 c:/mounriver/mrs_community/toolchain/risc-v embedded gcc/bin/../lib/gcc/riscv-none-embed/8.2.0/../../../../riscv-none-embed/lib/rv32imac/ilp32\libg_nano.a(lib_a-nano-vfprintf.o)
 .debug_frame   0x0000000000001a40       0x8c c:/mounriver/mrs_community/toolchain/risc-v embedded gcc/bin/../lib/gcc/riscv-none-embed/8.2.0/../../../../riscv-none-embed/lib/rv32imac/ilp32\libg_nano.a(lib_a-nano-vfprintf_i.o)
 .debug_frame   0x0000000000001acc       0x30 c:/mounriver/mrs_community/toolchain/risc-v embedded gcc/bin/../lib/gcc/riscv-none-embed/8.2.0/../../../../riscv-none-embed/lib/rv32imac/ilp32\libg_nano.a(lib_a-sbrkr.o)
 .debug_frame   0x0000000000001afc       0xa4 c:/mounriver/mrs_community/toolchain/risc-v embedded gcc/bin/../lib/gcc/riscv-none-embed/8.2.0/../../../../riscv-none-embed/lib/rv32imac/ilp32\libg_nano.a(lib_a-stdio.o)
 .debug_frame   0x0000000000001ba0       0x30 c:/mounriver/mrs_community/toolchain/risc-v embedded gcc/bin/../lib/gcc/riscv-none-embed/8.2.0/../../../../riscv-none-embed/lib/rv32imac/ilp32\libg_nano.a(lib_a-writer.o)
 .debug_frame   0x0000000000001bd0       0x30 c:/mounriver/mrs_community/toolchain/risc-v embedded gcc/bin/../lib/gcc/riscv-none-embed/8.2.0/../../../../riscv-none-embed/lib/rv32imac/ilp32\libg_nano.a(lib_a-closer.o)
 .debug_frame   0x0000000000001c00       0x30 c:/mounriver/mrs_community/toolchain/risc-v embedded gcc/bin/../lib/gcc/riscv-none-embed/8.2.0/../../../../riscv-none-embed/lib/rv32imac/ilp32\libg_nano.a(lib_a-fstatr.o)
 .debug_frame   0x0000000000001c30       0x30 c:/mounriver/mrs_community/toolchain/risc-v embedded gcc/bin/../lib/gcc/riscv-none-embed/8.2.0/../../../../riscv-none-embed/lib/rv32imac/ilp32\libg_nano.a(lib_a-isattyr.o)
 .debug_frame   0x0000000000001c60       0x30 c:/mounriver/mrs_community/toolchain/risc-v embedded gcc/bin/../lib/gcc/riscv-none-embed/8.2.0/../../../../riscv-none-embed/lib/rv32imac/ilp32\libg_nano.a(lib_a-lseekr.o)
 .debug_frame   0x0000000000001c90       0x20 c:/mounriver/mrs_community/toolchain/risc-v embedded gcc/bin/../lib/gcc/riscv-none-embed/8.2.0/../../../../riscv-none-embed/lib/rv32imac/ilp32\libg_nano.a(lib_a-memchr.o)
 .debug_frame   0x0000000000001cb0       0x30 c:/mounriver/mrs_community/toolchain/risc-v embedded gcc/bin/../lib/gcc/riscv-none-embed/8.2.0/../../../../riscv-none-embed/lib/rv32imac/ilp32\libg_nano.a(lib_a-mlock.o)
 .debug_frame   0x0000000000001ce0       0x30 c:/mounriver/mrs_community/toolchain/risc-v embedded gcc/bin/../lib/gcc/riscv-none-embed/8.2.0/../../../../riscv-none-embed/lib/rv32imac/ilp32\libg_nano.a(lib_a-readr.o)
 .debug_frame   0x0000000000001d10       0x70 c:/mounriver/mrs_community/toolchain/risc-v embedded gcc/bin/../lib/gcc/riscv-none-embed/8.2.0/../../../../riscv-none-embed/lib/rv32imac/ilp32\libg_nano.a(lib_a-reent.o)
 .debug_frame   0x0000000000001d80       0x20 c:/mounriver/mrs_community/toolchain/risc-v embedded gcc/bin/../lib/gcc/riscv-none-embed/8.2.0/../../../../riscv-none-embed/lib/rv32imac/ilp32\libnosys.a(close.o)
 .debug_frame   0x0000000000001da0       0x20 c:/mounriver/mrs_community/toolchain/risc-v embedded gcc/bin/../lib/gcc/riscv-none-embed/8.2.0/../../../../riscv-none-embed/lib/rv32imac/ilp32\libnosys.a(fstat.o)
 .debug_frame   0x0000000000001dc0       0x20 c:/mounriver/mrs_community/toolchain/risc-v embedded gcc/bin/../lib/gcc/riscv-none-embed/8.2.0/../../../../riscv-none-embed/lib/rv32imac/ilp32\libnosys.a(isatty.o)
 .debug_frame   0x0000000000001de0       0x20 c:/mounriver/mrs_community/toolchain/risc-v embedded gcc/bin/../lib/gcc/riscv-none-embed/8.2.0/../../../../riscv-none-embed/lib/rv32imac/ilp32\libnosys.a(lseek.o)
 .debug_frame   0x0000000000001e00       0x20 c:/mounriver/mrs_community/toolchain/risc-v embedded gcc/bin/../lib/gcc/riscv-none-embed/8.2.0/../../../../riscv-none-embed/lib/rv32imac/ilp32\libnosys.a(read.o)

.stab           0x0000000000000000       0x84
 .stab          0x0000000000000000       0x24 c:/mounriver/mrs_community/toolchain/risc-v embedded gcc/bin/../lib/gcc/riscv-none-embed/8.2.0/../../../../riscv-none-embed/lib/rv32imac/ilp32\libnosys.a(close.o)
 .stab          0x0000000000000024       0x18 c:/mounriver/mrs_community/toolchain/risc-v embedded gcc/bin/../lib/gcc/riscv-none-embed/8.2.0/../../../../riscv-none-embed/lib/rv32imac/ilp32\libnosys.a(fstat.o)
                                         0x24 (size before relaxing)
 .stab          0x000000000000003c       0x18 c:/mounriver/mrs_community/toolchain/risc-v embedded gcc/bin/../lib/gcc/riscv-none-embed/8.2.0/../../../../riscv-none-embed/lib/rv32imac/ilp32\libnosys.a(isatty.o)
                                         0x24 (size before relaxing)
 .stab          0x0000000000000054       0x18 c:/mounriver/mrs_community/toolchain/risc-v embedded gcc/bin/../lib/gcc/riscv-none-embed/8.2.0/../../../../riscv-none-embed/lib/rv32imac/ilp32\libnosys.a(lseek.o)
                                         0x24 (size before relaxing)
 .stab          0x000000000000006c       0x18 c:/mounriver/mrs_community/toolchain/risc-v embedded gcc/bin/../lib/gcc/riscv-none-embed/8.2.0/../../../../riscv-none-embed/lib/rv32imac/ilp32\libnosys.a(read.o)
                                         0x24 (size before relaxing)

.stabstr        0x0000000000000000      0x117
 .stabstr       0x0000000000000000      0x117 c:/mounriver/mrs_community/toolchain/risc-v embedded gcc/bin/../lib/gcc/riscv-none-embed/8.2.0/../../../../riscv-none-embed/lib/rv32imac/ilp32\libnosys.a(close.o)
