Archive member included to satisfy reference by file (symbol)

c:/mounriver/mrs_community/toolchain/risc-v embedded gcc/bin/../lib/gcc/riscv-none-embed/8.2.0/rv32imafc/ilp32f\libgcc.a(save-restore.o)
                              ./User/ff/ff.o (__riscv_save_12)
c:/mounriver/mrs_community/toolchain/risc-v embedded gcc/bin/../lib/gcc/riscv-none-embed/8.2.0/../../../../riscv-none-embed/lib/rv32imafc/ilp32f\libg_nano.a(lib_a-memcmp.o)
                              ./User/ff/ff.o (memcmp)
c:/mounriver/mrs_community/toolchain/risc-v embedded gcc/bin/../lib/gcc/riscv-none-embed/8.2.0/../../../../riscv-none-embed/lib/rv32imafc/ilp32f\libg_nano.a(lib_a-memcpy.o)
                              ./User/ff/ff.o (memcpy)
c:/mounriver/mrs_community/toolchain/risc-v embedded gcc/bin/../lib/gcc/riscv-none-embed/8.2.0/../../../../riscv-none-embed/lib/rv32imafc/ilp32f\libg_nano.a(lib_a-memset.o)
                              ./User/ff/ff.o (memset)
c:/mounriver/mrs_community/toolchain/risc-v embedded gcc/bin/../lib/gcc/riscv-none-embed/8.2.0/../../../../riscv-none-embed/lib/rv32imafc/ilp32f\libg_nano.a(lib_a-printf.o)
                              ./User/main.o (printf)
c:/mounriver/mrs_community/toolchain/risc-v embedded gcc/bin/../lib/gcc/riscv-none-embed/8.2.0/../../../../riscv-none-embed/lib/rv32imafc/ilp32f\libg_nano.a(lib_a-puts.o)
                              ./User/main.o (puts)
c:/mounriver/mrs_community/toolchain/risc-v embedded gcc/bin/../lib/gcc/riscv-none-embed/8.2.0/../../../../riscv-none-embed/lib/rv32imafc/ilp32f\libg_nano.a(lib_a-strchr.o)
                              ./User/ff/ff.o (strchr)
c:/mounriver/mrs_community/toolchain/risc-v embedded gcc/bin/../lib/gcc/riscv-none-embed/8.2.0/../../../../riscv-none-embed/lib/rv32imafc/ilp32f\libg_nano.a(lib_a-wbuf.o)
                              c:/mounriver/mrs_community/toolchain/risc-v embedded gcc/bin/../lib/gcc/riscv-none-embed/8.2.0/../../../../riscv-none-embed/lib/rv32imafc/ilp32f\libg_nano.a(lib_a-puts.o) (__swbuf_r)
c:/mounriver/mrs_community/toolchain/risc-v embedded gcc/bin/../lib/gcc/riscv-none-embed/8.2.0/../../../../riscv-none-embed/lib/rv32imafc/ilp32f\libg_nano.a(lib_a-wsetup.o)
                              c:/mounriver/mrs_community/toolchain/risc-v embedded gcc/bin/../lib/gcc/riscv-none-embed/8.2.0/../../../../riscv-none-embed/lib/rv32imafc/ilp32f\libg_nano.a(lib_a-puts.o) (__swsetup_r)
c:/mounriver/mrs_community/toolchain/risc-v embedded gcc/bin/../lib/gcc/riscv-none-embed/8.2.0/../../../../riscv-none-embed/lib/rv32imafc/ilp32f\libg_nano.a(lib_a-fflush.o)
                              c:/mounriver/mrs_community/toolchain/risc-v embedded gcc/bin/../lib/gcc/riscv-none-embed/8.2.0/../../../../riscv-none-embed/lib/rv32imafc/ilp32f\libg_nano.a(lib_a-wbuf.o) (_fflush_r)
c:/mounriver/mrs_community/toolchain/risc-v embedded gcc/bin/../lib/gcc/riscv-none-embed/8.2.0/../../../../riscv-none-embed/lib/rv32imafc/ilp32f\libg_nano.a(lib_a-findfp.o)
                              c:/mounriver/mrs_community/toolchain/risc-v embedded gcc/bin/../lib/gcc/riscv-none-embed/8.2.0/../../../../riscv-none-embed/lib/rv32imafc/ilp32f\libg_nano.a(lib_a-printf.o) (__sinit)
c:/mounriver/mrs_community/toolchain/risc-v embedded gcc/bin/../lib/gcc/riscv-none-embed/8.2.0/../../../../riscv-none-embed/lib/rv32imafc/ilp32f\libg_nano.a(lib_a-fwalk.o)
                              c:/mounriver/mrs_community/toolchain/risc-v embedded gcc/bin/../lib/gcc/riscv-none-embed/8.2.0/../../../../riscv-none-embed/lib/rv32imafc/ilp32f\libg_nano.a(lib_a-findfp.o) (_fwalk)
c:/mounriver/mrs_community/toolchain/risc-v embedded gcc/bin/../lib/gcc/riscv-none-embed/8.2.0/../../../../riscv-none-embed/lib/rv32imafc/ilp32f\libg_nano.a(lib_a-impure.o)
                              c:/mounriver/mrs_community/toolchain/risc-v embedded gcc/bin/../lib/gcc/riscv-none-embed/8.2.0/../../../../riscv-none-embed/lib/rv32imafc/ilp32f\libg_nano.a(lib_a-fflush.o) (_global_impure_ptr)
c:/mounriver/mrs_community/toolchain/risc-v embedded gcc/bin/../lib/gcc/riscv-none-embed/8.2.0/../../../../riscv-none-embed/lib/rv32imafc/ilp32f\libg_nano.a(lib_a-makebuf.o)
                              c:/mounriver/mrs_community/toolchain/risc-v embedded gcc/bin/../lib/gcc/riscv-none-embed/8.2.0/../../../../riscv-none-embed/lib/rv32imafc/ilp32f\libg_nano.a(lib_a-wsetup.o) (__smakebuf_r)
c:/mounriver/mrs_community/toolchain/risc-v embedded gcc/bin/../lib/gcc/riscv-none-embed/8.2.0/../../../../riscv-none-embed/lib/rv32imafc/ilp32f\libg_nano.a(lib_a-nano-freer.o)
                              c:/mounriver/mrs_community/toolchain/risc-v embedded gcc/bin/../lib/gcc/riscv-none-embed/8.2.0/../../../../riscv-none-embed/lib/rv32imafc/ilp32f\libg_nano.a(lib_a-wsetup.o) (_free_r)
c:/mounriver/mrs_community/toolchain/risc-v embedded gcc/bin/../lib/gcc/riscv-none-embed/8.2.0/../../../../riscv-none-embed/lib/rv32imafc/ilp32f\libg_nano.a(lib_a-nano-mallocr.o)
[...]
Memory Configuration

Name             Origin             Length             Attributes
FLASH            0x0000000000000000 0x0000000000020000 xr
RAM              0x0000000020000000 0x0000000000008000 xrw
*default*        0x0000000000000000 0xffffffffffffffff

Linker script and memory map

LOAD ./User/ff/ff.o
LOAD ./User/ff/sdio.o
LOAD ./User/ff/sdmm.o
LOAD ./User/buffer_fifo.o
LOAD ./User/ch32v30x_it.o
LOAD ./User/main.o
LOAD ./User/system_ch32v30x.o
LOAD ./Startup/startup_ch32v30x_D8C.o
LOAD ./Peripheral/src/ch32v30x_adc.o
LOAD ./Peripheral/src/ch32v30x_bkp.o
LOAD ./Peripheral/src/ch32v30x_can.o
LOAD ./Peripheral/src/ch32v30x_crc.o
LOAD ./Peripheral/src/ch32v30x_dac.o
LOAD ./Peripheral/src/ch32v30x_dbgmcu.o
LOAD ./Peripheral/src/ch32v30x_dma.o
LOAD ./Peripheral/src/ch32v30x_dvp.o
LOAD ./Peripheral/src/ch32v30x_eth.o
LOAD ./Peripheral/src/ch32v30x_exti.o
LOAD ./Peripheral/src/ch32v30x_flash.o
LOAD ./Peripheral/src/ch32v30x_fsmc.o
LOAD ./Peripheral/src/ch32v30x_gpio.o
LOAD ./Peripheral/src/ch32v30x_i2c.o
LOAD ./Peripheral/src/ch32v30x_iwdg.o
LOAD ./Peripheral/src/ch32v30x_misc.o
LOAD ./Peripheral/src/ch32v30x_opa.o
LOAD ./Peripheral/src/ch32v30x_pwr.o
LOAD ./Peripheral/src/ch32v30x_rcc.o
LOAD ./Peripheral/src/ch32v30x_rng.o
LOAD ./Peripheral/src/ch32v30x_rtc.o
LOAD ./Peripheral/src/ch32v30x_sdio.o
LOAD ./Peripheral/src/ch32v30x_spi.o
LOAD ./Peripheral/src/ch32v30x_tim.o
LOAD ./Peripheral/src/ch32v30x_usart.o
LOAD ./Peripheral/src/ch32v30x_wwdg.o
LOAD ./Debug/debug.o
LOAD ./Core/core_riscv.o
LOAD c:/mounriver/mrs_community/toolchain/risc-v embedded gcc/bin/../lib/gcc/riscv-none-embed/8.2.0/../../../../riscv-none-embed/lib/rv32imafc/ilp32f\libm.a
LOAD c:/mounriver/mrs_community/toolchain/risc-v embedded gcc/bin/../lib/gcc/riscv-none-embed/8.2.0/rv32imafc/ilp32f\libgcc.a
LOAD c:/mounriver/mrs_community/toolchain/risc-v embedded gcc/bin/../lib/gcc/riscv-none-embed/8.2.0/../../../../riscv-none-embed/lib/rv32imafc/ilp32f\libg_nano.a
LOAD c:/mounriver/mrs_community/toolchain/risc-v embedded gcc/bin/../lib/gcc/riscv-none-embed/8.2.0/../../../../riscv-none-embed/lib/rv32imafc/ilp32f\libc_nano.a
LOAD c:/mounriver/mrs_community/toolchain/risc-v embedded gcc/bin/../lib/gcc/riscv-none-embed/8.2.0/rv32imafc/ilp32f\libgcc.a
START GROUP
LOAD c:/mounriver/mrs_community/toolchain/risc-v embedded gcc/bin/../lib/gcc/riscv-none-embed/8.2.0/rv32imafc/ilp32f\libgcc.a
LOAD c:/mounriver/mrs_community/toolchain/risc-v embedded gcc/bin/../lib/gcc/riscv-none-embed/8.2.0/../../../../riscv-none-embed/lib/rv32imafc/ilp32f\libc_nano.a
LOAD c:/mounriver/mrs_community/toolchain/risc-v embedded gcc/bin/../lib/gcc/riscv-none-embed/8.2.0/../../../../riscv-none-embed/lib/rv32imafc/ilp32f\libnosys.a
END GROUP
START GROUP
LOAD c:/mounriver/mrs_community/toolchain/risc-v embedded gcc/bin/../lib/gcc/riscv-none-embed/8.2.0/rv32imafc/ilp32f\libgcc.a
LOAD c:/mounriver/mrs_community/toolchain/risc-v embedded gcc/bin/../lib/gcc/riscv-none-embed/8.2.0/../../../../riscv-none-embed/lib/rv32imafc/ilp32f\libc_nano.a
LOAD c:/mounriver/mrs_community/toolchain/risc-v embedded gcc/bin/../lib/gcc/riscv-none-embed/8.2.0/../../../../riscv-none-embed/lib/rv32imafc/ilp32f\libnosys.a
END GROUP
                0x0000000000000800                __stack_size = 0x800
                [!provide]                        PROVIDE (_stack_size = __stack_size)

.init           0x0000000000000000       0x38
                0x0000000000000000                _sinit = .
                0x0000000000000000                . = ALIGN (0x4)
 *(SORT_NONE(.init))
 .init          0x0000000000000000       0x38 ./Startup/startup_ch32v30x_D8C.o
                0x0000000000000000                _start
                0x0000000000000038                . = ALIGN (0x4)
                0x0000000000000038                _einit = .

.vector         0x0000000000000038      0x1c8
 *(.vector)
 .vector        0x0000000000000038      0x1a0 ./Startup/startup_ch32v30x_D8C.o
                0x0000000000000200                . = ALIGN (0x40)
 *fill*         0x00000000000001d8       0x28 

.text           0x0000000000000200     0x55d0
                0x0000000000000200                . = ALIGN (0x4)
 *(.text)
 .text          0x0000000000000200       0x60 c:/mounriver/mrs_community/toolchain/risc-v embedded gcc/bin/../lib/gcc/riscv-none-embed/8.2.0/rv32imafc/ilp32f\libgcc.a(save-restore.o)
                0x0000000000000200                __riscv_save_12
                0x0000000000000208                __riscv_save_9
                0x0000000000000208                __riscv_save_11
                0x0000000000000208                __riscv_save_10
                0x0000000000000208                __riscv_save_8
                0x0000000000000216                __riscv_save_4
                0x0000000000000216                __riscv_save_6
                0x0000000000000216                __riscv_save_5
                0x0000000000000216                __riscv_save_7
                0x0000000000000230                __riscv_save_3
                0x0000000000000230                __riscv_save_2
                0x0000000000000230                __riscv_save_1
                0x0000000000000230                __riscv_save_0
                0x000000000000023c                __riscv_restore_12
                0x0000000000000240                __riscv_restore_11
                0x0000000000000240                __riscv_restore_9
                0x0000000000000240                __riscv_restore_10
                0x0000000000000240                __riscv_restore_8
                0x000000000000024a                __riscv_restore_5
                0x000000000000024a                __riscv_restore_7
                0x000000000000024a                __riscv_restore_6
                0x000000000000024a                __riscv_restore_4
                0x0000000000000254                __riscv_restore_3
                0x0000000000000254                __riscv_restore_0
                0x0000000000000254                __riscv_restore_2
                0x0000000000000254                __riscv_restore_1
 .text          0x0000000000000260       0xa8 c:/mounriver/mrs_community/toolchain/risc-v embedded gcc/bin/../lib/gcc/riscv-none-embed/8.2.0/../../../../riscv-none-embed/lib/rv32imafc/ilp32f\libg_nano.a(lib_a-memset.o)
                0x0000000000000260                memset
 *(.text.*)
 .text.ld_dword
                0x0000000000000308       0x1e ./User/ff/ff.o
 .text.clst2sect
                0x0000000000000326       0x1c ./User/ff/ff.o
 .text.get_ldnumber
                0x0000000000000342       0x42 ./User/ff/ff.o
 .text.validate
                0x0000000000000384       0x46 ./User/ff/ff.o
 .text.ld_clust.isra.2
                0x00000000000003ca       0x26 ./User/ff/ff.o
 .text.sync_window
                0x00000000000003f0       0x58 ./User/ff/ff.o
 .text.move_window
                0x0000000000000448       0x34 ./User/ff/ff.o
 .text.check_fs
                0x000000000000047c       0xe8 ./User/ff/ff.o
 .text.get_fat.isra.7
                0x0000000000000564       0xc4 ./User/ff/ff.o
 .text.mount_volume
                0x0000000000000628      0x2b6 ./User/ff/ff.o
 .text.dir_sdi.constprop.10
                0x00000000000008de       0x74 ./User/ff/ff.o
 .text.put_fat  0x0000000000000952      0x12a ./User/ff/ff.o
 .text.create_chain
                0x0000000000000a7c       0xec ./User/ff/ff.o
 .text.dir_next
                0x0000000000000b68       0xfe ./User/ff/ff.o
 .text.f_mount  0x0000000000000c66       0x5a ./User/ff/ff.o
                0x0000000000000c66                f_mount
 .text.f_open   0x0000000000000cc0      0x452 ./User/ff/ff.o
                0x0000000000000cc0                f_open
 .text.f_read   0x0000000000001112      0x154 ./User/ff/ff.o
                0x0000000000001112                f_read
 .text.f_lseek  0x0000000000001266      0x11c ./User/ff/ff.o
                0x0000000000001266                f_lseek
 .text.SDIO_Clock_Set
                0x0000000000001382       0x10 ./User/ff/sdio.o
                0x0000000000001382                SDIO_Clock_Set
 .text.SD_GetCardInfo
                0x0000000000001392      0x31a ./User/ff/sdio.o
                0x0000000000001392                SD_GetCardInfo
 .text.CmdError
                0x00000000000016ac       0x2c ./User/ff/sdio.o
                0x00000000000016ac                CmdError
 .text.CmdResp7Error
                0x00000000000016d8       0x44 ./User/ff/sdio.o
                0x00000000000016d8                CmdResp7Error
 .text.CmdResp1Error
                0x000000000000171c       0x52 ./User/ff/sdio.o
                0x000000000000171c                CmdResp1Error
 .text.SD_SelectDeselect
                0x000000000000176e       0x2e ./User/ff/sdio.o
                0x000000000000176e                SD_SelectDeselect
 .text.SD_ProcessIRQSrc
                0x000000000000179c      0x132 ./User/ff/sdio.o
                0x000000000000179c                SD_ProcessIRQSrc
 .text.SDIO_IRQHandler
                0x00000000000018ce       0x5a ./User/ff/sdio.o
                0x00000000000018ce                SDIO_IRQHandler
 .text.CmdResp3Error
                0x0000000000001928       0x30 ./User/ff/sdio.o
                0x0000000000001928                CmdResp3Error
 .text.SD_PowerON
                0x0000000000001958      0x1a6 ./User/ff/sdio.o
                0x0000000000001958                SD_PowerON
 .text.CmdResp2Error
                0x0000000000001afe       0x4c ./User/ff/sdio.o
                0x0000000000001afe                CmdResp2Error
 .text.CmdResp6Error
                0x0000000000001b4a       0x7e ./User/ff/sdio.o
                0x0000000000001b4a                CmdResp6Error
 .text.SD_InitializeCards
                0x0000000000001bc8      0x140 ./User/ff/sdio.o
                0x0000000000001bc8                SD_InitializeCards
 .text.IsCardProgramming
                0x0000000000001d08       0x9e ./User/ff/sdio.o
                0x0000000000001d08                IsCardProgramming
 .text.FindSCR  0x0000000000001da6      0x1a2 ./User/ff/sdio.o
                0x0000000000001da6                FindSCR
 .text.SDEnWideBus
                0x0000000000001f48       0x96 ./User/ff/sdio.o
                0x0000000000001f48                SDEnWideBus
 .text.SD_EnableWideBusOperation
                0x0000000000001fde       0x50 ./User/ff/sdio.o
                0x0000000000001fde                SD_EnableWideBusOperation
 .text.SD_Init  0x000000000000202e       0xbe ./User/ff/sdio.o
                0x000000000000202e                SD_Init
 .text.convert_from_bytes_to_power_of_two
                0x00000000000020ec       0x16 ./User/ff/sdio.o
                0x00000000000020ec                convert_from_bytes_to_power_of_two
 .text.SD_DMA_Config
                0x0000000000002102       0x76 ./User/ff/sdio.o
                0x0000000000002102                SD_DMA_Config
 .text.SD_ReadBlock
                0x0000000000002178      0x23c ./User/ff/sdio.o
                0x0000000000002178                SD_ReadBlock
 .text.SD_ReadMultiBlocks
                0x00000000000023b4      0x2d6 ./User/ff/sdio.o
                0x00000000000023b4                SD_ReadMultiBlocks
 .text.SD_WriteBlock
                0x000000000000268a      0x336 ./User/ff/sdio.o
                0x000000000000268a                SD_WriteBlock
 .text.SD_WriteMultiBlocks
                0x00000000000029c0      0x36c ./User/ff/sdio.o
                0x00000000000029c0                SD_WriteMultiBlocks
 .text.SD_ReadDisk
                0x0000000000002d2c       0x78 ./User/ff/sdio.o
                0x0000000000002d2c                SD_ReadDisk
 .text.SD_WriteDisk
                0x0000000000002da4       0x76 ./User/ff/sdio.o
                0x0000000000002da4                SD_WriteDisk
 .text.disk_status
                0x0000000000002e1a       0x10 ./User/ff/sdmm.o
                0x0000000000002e1a                disk_status
 .text.disk_initialize
                0x0000000000002e2a       0x24 ./User/ff/sdmm.o
                0x0000000000002e2a                disk_initialize
 .text.disk_read
                0x0000000000002e4e       0x2c ./User/ff/sdmm.o
                0x0000000000002e4e                disk_read
 .text.disk_write
                0x0000000000002e7a       0x2c ./User/ff/sdmm.o
                0x0000000000002e7a                disk_write
 .text.NMI_Handler
                0x0000000000002ea6        0x4 ./User/ch32v30x_it.o
                0x0000000000002ea6                NMI_Handler
 .text.HardFault_Handler
                0x0000000000002eaa        0x2 ./User/ch32v30x_it.o
                0x0000000000002eaa                HardFault_Handler
 .text.LEDB_set.part.0
                0x0000000000002eac       0x1e ./User/main.o
 .text.show_sdcard_info
                0x0000000000002eca       0x98 ./User/main.o
                0x0000000000002eca                show_sdcard_info
 .text.GPIO_LEDB_Init
                0x0000000000002f62       0x36 ./User/main.o
                0x0000000000002f62                GPIO_LEDB_Init
 .text.LEDB_set
                0x0000000000002f98       0x24 ./User/main.o
                0x0000000000002f98                LEDB_set
 .text.LEDB_toggle
                0x0000000000002fbc       0x3a ./User/main.o
                0x0000000000002fbc                LEDB_toggle
 .text.Dual_Dac_Init
                0x0000000000002ff6       0x8e ./User/main.o
                0x0000000000002ff6                Dual_Dac_Init
 .text.Dac_Dma_Init
                0x0000000000003084       0x9a ./User/main.o
                0x0000000000003084                Dac_Dma_Init
 .text.Timer4_Init
                0x000000000000311e       0x50 ./User/main.o
                0x000000000000311e                Timer4_Init
 .text.DMA2_Channel3_IRQHandler
                0x000000000000316e       0x94 ./User/main.o
                0x000000000000316e                DMA2_Channel3_IRQHandler
 .text.startup.main
                0x0000000000003202      0x25a ./User/main.o
                0x0000000000003202                main
 .text.SystemInit
                0x000000000000345c       0xf8 ./User/system_ch32v30x.o
                0x000000000000345c                SystemInit
 .text.SystemCoreClockUpdate
                0x0000000000003554       0xbc ./User/system_ch32v30x.o
                0x0000000000003554                SystemCoreClockUpdate
 .text.vector_handler
                0x0000000000003610       0xbe ./Startup/startup_ch32v30x_D8C.o
                0x0000000000003614                Ecall_M_Mode_Handler
                0x0000000000003616                Ecall_U_Mode_Handler
                0x0000000000003618                Break_Point_Handler
                0x000000000000361a                SysTick_Handler
                0x000000000000361c                SW_Handler
                0x000000000000361e                WWDG_IRQHandler
                0x0000000000003620                PVD_IRQHandler
                0x0000000000003622                TAMPER_IRQHandler
                0x0000000000003624                RTC_IRQHandler
                0x0000000000003626                FLASH_IRQHandler
                0x0000000000003628                RCC_IRQHandler
                0x000000000000362a                EXTI0_IRQHandler
                0x000000000000362c                EXTI1_IRQHandler
                0x000000000000362e                EXTI2_IRQHandler
                0x0000000000003630                EXTI3_IRQHandler
                0x0000000000003632                EXTI4_IRQHandler
                0x0000000000003634                DMA1_Channel1_IRQHandler
                0x0000000000003636                DMA1_Channel2_IRQHandler
                0x0000000000003638                DMA1_Channel3_IRQHandler
                0x000000000000363a                DMA1_Channel4_IRQHandler
                0x000000000000363c                DMA1_Channel5_IRQHandler
                0x000000000000363e                DMA1_Channel6_IRQHandler
                0x0000000000003640                DMA1_Channel7_IRQHandler
                0x0000000000003642                ADC1_2_IRQHandler
                0x0000000000003644                USB_HP_CAN1_TX_IRQHandler
                0x0000000000003646                USB_LP_CAN1_RX0_IRQHandler
                0x0000000000003648                CAN1_RX1_IRQHandler
                0x000000000000364a                CAN1_SCE_IRQHandler
                0x000000000000364c                EXTI9_5_IRQHandler
                0x000000000000364e                TIM1_BRK_IRQHandler
                0x0000000000003650                TIM1_UP_IRQHandler
                0x0000000000003652                TIM1_TRG_COM_IRQHandler
                0x0000000000003654                TIM1_CC_IRQHandler
                0x0000000000003656                TIM2_IRQHandler
                0x0000000000003658                TIM3_IRQHandler
                0x000000000000365a                TIM4_IRQHandler
                0x000000000000365c                I2C1_EV_IRQHandler
                0x000000000000365e                I2C1_ER_IRQHandler
                0x0000000000003660                I2C2_EV_IRQHandler
                0x0000000000003662                I2C2_ER_IRQHandler
                0x0000000000003664                SPI1_IRQHandler
                0x0000000000003666                SPI2_IRQHandler
                0x0000000000003668                USART1_IRQHandler
                0x000000000000366a                USART2_IRQHandler
                0x000000000000366c                USART3_IRQHandler
                0x000000000000366e                EXTI15_10_IRQHandler
                0x0000000000003670                RTCAlarm_IRQHandler
                0x0000000000003672                USBWakeUp_IRQHandler
                0x0000000000003674                TIM8_BRK_IRQHandler
                0x0000000000003676                TIM8_UP_IRQHandler
                0x0000000000003678                TIM8_TRG_COM_IRQHandler
                0x000000000000367a                TIM8_CC_IRQHandler
                0x000000000000367c                RNG_IRQHandler
                0x000000000000367e                FSMC_IRQHandler
                0x0000000000003682                TIM5_IRQHandler
                0x0000000000003684                SPI3_IRQHandler
                0x0000000000003686                UART4_IRQHandler
                0x0000000000003688                UART5_IRQHandler
                0x000000000000368a                TIM6_IRQHandler
                0x000000000000368c                TIM7_IRQHandler
                0x000000000000368e                DMA2_Channel1_IRQHandler
                0x0000000000003690                DMA2_Channel2_IRQHandler
                0x0000000000003694                DMA2_Channel4_IRQHandler
                0x0000000000003696                DMA2_Channel5_IRQHandler
                0x0000000000003698                ETH_IRQHandler
                0x000000000000369a                ETH_WKUP_IRQHandler
                0x000000000000369c                CAN2_TX_IRQHandler
                0x000000000000369e                CAN2_RX0_IRQHandler
                0x00000000000036a0                CAN2_RX1_IRQHandler
                0x00000000000036a2                CAN2_SCE_IRQHandler
                0x00000000000036a4                OTG_FS_IRQHandler
                0x00000000000036a6                USBHSWakeup_IRQHandler
                0x00000000000036a8                USBHS_IRQHandler
                0x00000000000036aa                DVP_IRQHandler
                0x00000000000036ac                UART6_IRQHandler
                0x00000000000036ae                UART7_IRQHandler
                0x00000000000036b0                UART8_IRQHandler
                0x00000000000036b2                TIM9_BRK_IRQHandler
                0x00000000000036b4                TIM9_UP_IRQHandler
                0x00000000000036b6                TIM9_TRG_COM_IRQHandler
                0x00000000000036b8                TIM9_CC_IRQHandler
                0x00000000000036ba                TIM10_BRK_IRQHandler
                0x00000000000036bc                TIM10_UP_IRQHandler
                0x00000000000036be                TIM10_TRG_COM_IRQHandler
                0x00000000000036c0                TIM10_CC_IRQHandler
                0x00000000000036c2                DMA2_Channel6_IRQHandler
                0x00000000000036c4                DMA2_Channel7_IRQHandler
                0x00000000000036c6                DMA2_Channel8_IRQHandler
                0x00000000000036c8                DMA2_Channel9_IRQHandler
                0x00000000000036ca                DMA2_Channel10_IRQHandler
                0x00000000000036cc                DMA2_Channel11_IRQHandler
 .text.handle_reset
                0x00000000000036ce       0x8a ./Startup/startup_ch32v30x_D8C.o
                0x00000000000036ce                handle_reset
 .text.DAC_Init
                0x0000000000003758       0x30 ./Peripheral/src/ch32v30x_dac.o
                0x0000000000003758                DAC_Init
 .text.DAC_Cmd  0x0000000000003788       0x2c ./Peripheral/src/ch32v30x_dac.o
                0x0000000000003788                DAC_Cmd
 .text.DAC_DMACmd
                0x00000000000037b4       0x2c ./Peripheral/src/ch32v30x_dac.o
                0x00000000000037b4                DAC_DMACmd
 .text.DAC_SetDualChannelData
                0x00000000000037e0       0x1c ./Peripheral/src/ch32v30x_dac.o
                0x00000000000037e0                DAC_SetDualChannelData
 .text.DBGMCU_GetCHIPID
                0x00000000000037fc        0xa ./Peripheral/src/ch32v30x_dbgmcu.o
                0x00000000000037fc                DBGMCU_GetCHIPID
 .text.DMA_DeInit
                0x0000000000003806      0x16c ./Peripheral/src/ch32v30x_dma.o
                0x0000000000003806                DMA_DeInit
 .text.DMA_Init
                0x0000000000003972       0x38 ./Peripheral/src/ch32v30x_dma.o
                0x0000000000003972                DMA_Init
 .text.DMA_StructInit
                0x00000000000039aa       0x2e ./Peripheral/src/ch32v30x_dma.o
                0x00000000000039aa                DMA_StructInit
 .text.DMA_Cmd  0x00000000000039d8       0x14 ./Peripheral/src/ch32v30x_dma.o
                0x00000000000039d8                DMA_Cmd
 .text.DMA_ITConfig
                0x00000000000039ec       0x12 ./Peripheral/src/ch32v30x_dma.o
                0x00000000000039ec                DMA_ITConfig
 .text.DMA_GetFlagStatus
                0x00000000000039fe       0x32 ./Peripheral/src/ch32v30x_dma.o
                0x00000000000039fe                DMA_GetFlagStatus
 .text.DMA_ClearFlag
                0x0000000000003a30       0x2c ./Peripheral/src/ch32v30x_dma.o
                0x0000000000003a30                DMA_ClearFlag
 .text.DMA_GetITStatus
                0x0000000000003a5c        0xc ./Peripheral/src/ch32v30x_dma.o
                0x0000000000003a5c                DMA_GetITStatus
 .text.DMA_ClearITPendingBit
                0x0000000000003a68        0xc ./Peripheral/src/ch32v30x_dma.o
                0x0000000000003a68                DMA_ClearITPendingBit
 .text.GPIO_Init
                0x0000000000003a74       0xc2 ./Peripheral/src/ch32v30x_gpio.o
                0x0000000000003a74                GPIO_Init
 .text.GPIO_WriteBit
                0x0000000000003b36        0xa ./Peripheral/src/ch32v30x_gpio.o
                0x0000000000003b36                GPIO_WriteBit
 .text.NVIC_PriorityGroupConfig
                0x0000000000003b40        0x6 ./Peripheral/src/ch32v30x_misc.o
                0x0000000000003b40                NVIC_PriorityGroupConfig
 .text.NVIC_Init
                0x0000000000003b46       0xb8 ./Peripheral/src/ch32v30x_misc.o
                0x0000000000003b46                NVIC_Init
 .text.RCC_GetClocksFreq
                0x0000000000003bfe      0x17e ./Peripheral/src/ch32v30x_rcc.o
                0x0000000000003bfe                RCC_GetClocksFreq
 .text.RCC_AHBPeriphClockCmd
                0x0000000000003d7c       0x1e ./Peripheral/src/ch32v30x_rcc.o
                0x0000000000003d7c                RCC_AHBPeriphClockCmd
 .text.RCC_APB2PeriphClockCmd
                0x0000000000003d9a       0x1e ./Peripheral/src/ch32v30x_rcc.o
                0x0000000000003d9a                RCC_APB2PeriphClockCmd
 .text.RCC_APB1PeriphClockCmd
                0x0000000000003db8       0x1e ./Peripheral/src/ch32v30x_rcc.o
                0x0000000000003db8                RCC_APB1PeriphClockCmd
 .text.SDIO_DeInit
                0x0000000000003dd6       0x30 ./Peripheral/src/ch32v30x_sdio.o
                0x0000000000003dd6                SDIO_DeInit
 .text.SDIO_Init
                0x0000000000003e06       0x2c ./Peripheral/src/ch32v30x_sdio.o
                0x0000000000003e06                SDIO_Init
 .text.SDIO_ClockCmd
                0x0000000000003e32       0x16 ./Peripheral/src/ch32v30x_sdio.o
                0x0000000000003e32                SDIO_ClockCmd
 .text.SDIO_SetPowerState
                0x0000000000003e48       0x12 ./Peripheral/src/ch32v30x_sdio.o
                0x0000000000003e48                SDIO_SetPowerState
 .text.SDIO_GetPowerState
                0x0000000000003e5a        0xa ./Peripheral/src/ch32v30x_sdio.o
                0x0000000000003e5a                SDIO_GetPowerState
 .text.SDIO_DMACmd
                0x0000000000003e64       0x14 ./Peripheral/src/ch32v30x_sdio.o
                0x0000000000003e64                SDIO_DMACmd
 .text.SDIO_SendCommand
                0x0000000000003e78       0x22 ./Peripheral/src/ch32v30x_sdio.o
                0x0000000000003e78                SDIO_SendCommand
 .text.SDIO_DataConfig
                0x0000000000003e9a       0x26 ./Peripheral/src/ch32v30x_sdio.o
                0x0000000000003e9a                SDIO_DataConfig
 .text.SDIO_ReadData
                0x0000000000003ec0        0xa ./Peripheral/src/ch32v30x_sdio.o
                0x0000000000003ec0                SDIO_ReadData
 .text.SDIO_WriteData
                0x0000000000003eca        0xa ./Peripheral/src/ch32v30x_sdio.o
                0x0000000000003eca                SDIO_WriteData
 .text.SDIO_GetFlagStatus
                0x0000000000003ed4        0xe ./Peripheral/src/ch32v30x_sdio.o
                0x0000000000003ed4                SDIO_GetFlagStatus
 .text.SDIO_ClearFlag
                0x0000000000003ee2        0x8 ./Peripheral/src/ch32v30x_sdio.o
                0x0000000000003ee2                SDIO_ClearFlag
 .text.TIM_TimeBaseInit
                0x0000000000003eea       0xc0 ./Peripheral/src/ch32v30x_tim.o
                0x0000000000003eea                TIM_TimeBaseInit
 .text.TIM_TimeBaseStructInit
                0x0000000000003faa       0x18 ./Peripheral/src/ch32v30x_tim.o
                0x0000000000003faa                TIM_TimeBaseStructInit
 .text.TIM_Cmd  0x0000000000003fc2       0x1c ./Peripheral/src/ch32v30x_tim.o
                0x0000000000003fc2                TIM_Cmd
 .text.TIM_SelectOutputTrigger
                0x0000000000003fde       0x20 ./Peripheral/src/ch32v30x_tim.o
                0x0000000000003fde                TIM_SelectOutputTrigger
 .text.USART_Init
                0x0000000000003ffe       0xd8 ./Peripheral/src/ch32v30x_usart.o
                0x0000000000003ffe                USART_Init
 .text.USART_Cmd
                0x00000000000040d6       0x1c ./Peripheral/src/ch32v30x_usart.o
                0x00000000000040d6                USART_Cmd
 .text.USART_SendData
                0x00000000000040f2        0xa ./Peripheral/src/ch32v30x_usart.o
                0x00000000000040f2                USART_SendData
 .text.USART_GetFlagStatus
                0x00000000000040fc        0xc ./Peripheral/src/ch32v30x_usart.o
                0x00000000000040fc                USART_GetFlagStatus
 .text.Delay_Init
                0x0000000000004108       0x2a ./Debug/debug.o
                0x0000000000004108                Delay_Init
 .text.Delay_Ms
                0x0000000000004132       0x36 ./Debug/debug.o
                0x0000000000004132                Delay_Ms
 .text.USART_Printf_Init
                0x0000000000004168       0x5c ./Debug/debug.o
                0x0000000000004168                USART_Printf_Init
 .text._write   0x00000000000041c4       0x3e ./Debug/debug.o
                0x00000000000041c4                _write
 .text._sbrk    0x0000000000004202       0x26 ./Debug/debug.o
                0x0000000000004202                _sbrk
 .text.memcmp   0x0000000000004228       0x26 c:/mounriver/mrs_community/toolchain/risc-v embedded gcc/bin/../lib/gcc/riscv-none-embed/8.2.0/../../../../riscv-none-embed/lib/rv32imafc/ilp32f\libg_nano.a(lib_a-memcmp.o)
                0x0000000000004228                memcmp
 .text.memcpy   0x000000000000424e       0xb6 c:/mounriver/mrs_community/toolchain/risc-v embedded gcc/bin/../lib/gcc/riscv-none-embed/8.2.0/../../../../riscv-none-embed/lib/rv32imafc/ilp32f\libg_nano.a(lib_a-memcpy.o)
                0x000000000000424e                memcpy
 .text.printf   0x0000000000004304       0x40 c:/mounriver/mrs_community/toolchain/risc-v embedded gcc/bin/../lib/gcc/riscv-none-embed/8.2.0/../../../../riscv-none-embed/lib/rv32imafc/ilp32f\libg_nano.a(lib_a-printf.o)
                0x0000000000004304                iprintf
                0x0000000000004304                printf
 .text._puts_r  0x0000000000004344       0xda c:/mounriver/mrs_community/toolchain/risc-v embedded gcc/bin/../lib/gcc/riscv-none-embed/8.2.0/../../../../riscv-none-embed/lib/rv32imafc/ilp32f\libg_nano.a(lib_a-puts.o)
                0x0000000000004344                _puts_r
 .text.puts     0x000000000000441e        0xc c:/mounriver/mrs_community/toolchain/risc-v embedded gcc/bin/../lib/gcc/riscv-none-embed/8.2.0/../../../../riscv-none-embed/lib/rv32imafc/ilp32f\libg_nano.a(lib_a-puts.o)
                0x000000000000441e                puts
 .text.strchr   0x000000000000442a       0x1a c:/mounriver/mrs_community/toolchain/risc-v embedded gcc/bin/../lib/gcc/riscv-none-embed/8.2.0/../../../../riscv-none-embed/lib/rv32imafc/ilp32f\libg_nano.a(lib_a-strchr.o)
                0x000000000000442a                strchr
 .text.__swbuf_r
                0x0000000000004444       0xc0 c:/mounriver/mrs_community/toolchain/risc-v embedded gcc/bin/../lib/gcc/riscv-none-embed/8.2.0/../../../../riscv-none-embed/lib/rv32imafc/ilp32f\libg_nano.a(lib_a-wbuf.o)
                0x0000000000004444                __swbuf_r
 .text.__swsetup_r
                0x0000000000004504      0x10c c:/mounriver/mrs_community/toolchain/risc-v embedded gcc/bin/../lib/gcc/riscv-none-embed/8.2.0/../../../../riscv-none-embed/lib/rv32imafc/ilp32f\libg_nano.a(lib_a-wsetup.o)
                0x0000000000004504                __swsetup_r
 .text.__sflush_r
                0x0000000000004610      0x13c c:/mounriver/mrs_community/toolchain/risc-v embedded gcc/bin/../lib/gcc/riscv-none-embed/8.2.0/../../../../riscv-none-embed/lib/rv32imafc/ilp32f\libg_nano.a(lib_a-fflush.o)
                0x0000000000004610                __sflush_r
 .text._fflush_r
                0x000000000000474c       0x66 c:/mounriver/mrs_community/toolchain/risc-v embedded gcc/bin/../lib/gcc/riscv-none-embed/8.2.0/../../../../riscv-none-embed/lib/rv32imafc/ilp32f\libg_nano.a(lib_a-fflush.o)
                0x000000000000474c                _fflush_r
 .text.std      0x00000000000047b2       0x6a c:/mounriver/mrs_community/toolchain/risc-v embedded gcc/bin/../lib/gcc/riscv-none-embed/8.2.0/../../../../riscv-none-embed/lib/rv32imafc/ilp32f\libg_nano.a(lib_a-findfp.o)
 .text._cleanup_r
                0x000000000000481c        0xa c:/mounriver/mrs_community/toolchain/risc-v embedded gcc/bin/../lib/gcc/riscv-none-embed/8.2.0/../../../../riscv-none-embed/lib/rv32imafc/ilp32f\libg_nano.a(lib_a-findfp.o)
                0x000000000000481c                _cleanup_r
 .text.__sfmoreglue
                0x0000000000004826       0x46 c:/mounriver/mrs_community/toolchain/risc-v embedded gcc/bin/../lib/gcc/riscv-none-embed/8.2.0/../../../../riscv-none-embed/lib/rv32imafc/ilp32f\libg_nano.a(lib_a-findfp.o)
                0x0000000000004826                __sfmoreglue
 .text.__sinit  0x000000000000486c       0x6c c:/mounriver/mrs_community/toolchain/risc-v embedded gcc/bin/../lib/gcc/riscv-none-embed/8.2.0/../../../../riscv-none-embed/lib/rv32imafc/ilp32f\libg_nano.a(lib_a-findfp.o)
                0x000000000000486c                __sinit
 .text.__sfp    0x00000000000048d8       0xa0 c:/mounriver/mrs_community/toolchain/risc-v embedded gcc/bin/../lib/gcc/riscv-none-embed/8.2.0/../../../../riscv-none-embed/lib/rv32imafc/ilp32f\libg_nano.a(lib_a-findfp.o)
                0x00000000000048d8                __sfp
 .text._fwalk_reent
                0x0000000000004978       0x6c c:/mounriver/mrs_community/toolchain/risc-v embedded gcc/bin/../lib/gcc/riscv-none-embed/8.2.0/../../../../riscv-none-embed/lib/rv32imafc/ilp32f\libg_nano.a(lib_a-fwalk.o)
                0x0000000000004978                _fwalk_reent
 .text.__swhatbuf_r
                0x00000000000049e4       0x5a c:/mounriver/mrs_community/toolchain/risc-v embedded gcc/bin/../lib/gcc/riscv-none-embed/8.2.0/../../../../riscv-none-embed/lib/rv32imafc/ilp32f\libg_nano.a(lib_a-makebuf.o)
                0x00000000000049e4                __swhatbuf_r
 .text.__smakebuf_r
                0x0000000000004a3e       0xa0 c:/mounriver/mrs_community/toolchain/risc-v embedded gcc/bin/../lib/gcc/riscv-none-embed/8.2.0/../../../../riscv-none-embed/lib/rv32imafc/ilp32f\libg_nano.a(lib_a-makebuf.o)
                0x0000000000004a3e                __smakebuf_r
 .text._free_r  0x0000000000004ade       0xa8 c:/mounriver/mrs_community/toolchain/risc-v embedded gcc/bin/../lib/gcc/riscv-none-embed/8.2.0/../../../../riscv-none-embed/lib/rv32imafc/ilp32f\libg_nano.a(lib_a-nano-freer.o)
                0x0000000000004ade                _free_r
 .text._malloc_r
                0x0000000000004b86       0xd4 c:/mounriver/mrs_community/toolchain/risc-v embedded gcc/bin/../lib/gcc/riscv-none-embed/8.2.0/../../../../riscv-none-embed/lib/rv32imafc/ilp32f\libg_nano.a(lib_a-nano-mallocr.o)
                0x0000000000004b86                _malloc_r
 .text.__sfputc_r
                0x0000000000004c5a       0x2a c:/mounriver/mrs_community/toolchain/risc-v embedded gcc/bin/../lib/gcc/riscv-none-embed/8.2.0/../../../../riscv-none-embed/lib/rv32imafc/ilp32f\libg_nano.a(lib_a-nano-vfprintf.o)
 .text.__sfputs_r
                0x0000000000004c84       0x44 c:/mounriver/mrs_community/toolchain/risc-v embedded gcc/bin/../lib/gcc/riscv-none-embed/8.2.0/../../../../riscv-none-embed/lib/rv32imafc/ilp32f\libg_nano.a(lib_a-nano-vfprintf.o)
                0x0000000000004c84                __sfputs_r
 .text._vfprintf_r
                0x0000000000004cc8      0x29c c:/mounriver/mrs_community/toolchain/risc-v embedded gcc/bin/../lib/gcc/riscv-none-embed/8.2.0/../../../../riscv-none-embed/lib/rv32imafc/ilp32f\libg_nano.a(lib_a-nano-vfprintf.o)
                0x0000000000004cc8                _vfprintf_r
                0x0000000000004cc8                _vfiprintf_r
 .text._printf_common
                0x0000000000004f64      0x10c c:/mounriver/mrs_community/toolchain/risc-v embedded gcc/bin/../lib/gcc/riscv-none-embed/8.2.0/../../../../riscv-none-embed/lib/rv32imafc/ilp32f\libg_nano.a(lib_a-nano-vfprintf_i.o)
                0x0000000000004f64                _printf_common
 .text._printf_i
                0x0000000000005070      0x2aa c:/mounriver/mrs_community/toolchain/risc-v embedded gcc/bin/../lib/gcc/riscv-none-embed/8.2.0/../../../../riscv-none-embed/lib/rv32imafc/ilp32f\libg_nano.a(lib_a-nano-vfprintf_i.o)
                0x0000000000005070                _printf_i
 .text._sbrk_r  0x000000000000531a       0x2a c:/mounriver/mrs_community/toolchain/risc-v embedded gcc/bin/../lib/gcc/riscv-none-embed/8.2.0/../../../../riscv-none-embed/lib/rv32imafc/ilp32f\libg_nano.a(lib_a-sbrkr.o)
                0x000000000000531a                _sbrk_r
 .text.__sread  0x0000000000005344       0x30 c:/mounriver/mrs_community/toolchain/risc-v embedded gcc/bin/../lib/gcc/riscv-none-embed/8.2.0/../../../../riscv-none-embed/lib/rv32imafc/ilp32f\libg_nano.a(lib_a-stdio.o)
                0x0000000000005344                __sread
 .text.__swrite
                0x0000000000005374       0x4e c:/mounriver/mrs_community/toolchain/risc-v embedded gcc/bin/../lib/gcc/riscv-none-embed/8.2.0/../../../../riscv-none-embed/lib/rv32imafc/ilp32f\libg_nano.a(lib_a-stdio.o)
                0x0000000000005374                __swrite
 .text.__sseek  0x00000000000053c2       0x36 c:/mounriver/mrs_community/toolchain/risc-v embedded gcc/bin/../lib/gcc/riscv-none-embed/8.2.0/../../../../riscv-none-embed/lib/rv32imafc/ilp32f\libg_nano.a(lib_a-stdio.o)
                0x00000000000053c2                __sseek
 .text.__sclose
                0x00000000000053f8        0x6 c:/mounriver/mrs_community/toolchain/risc-v embedded gcc/bin/../lib/gcc/riscv-none-embed/8.2.0/../../../../riscv-none-embed/lib/rv32imafc/ilp32f\libg_nano.a(lib_a-stdio.o)
                0x00000000000053f8                __sclose
 .text._write_r
                0x00000000000053fe       0x2e c:/mounriver/mrs_community/toolchain/risc-v embedded gcc/bin/../lib/gcc/riscv-none-embed/8.2.0/../../../../riscv-none-embed/lib/rv32imafc/ilp32f\libg_nano.a(lib_a-writer.o)
                0x00000000000053fe                _write_r
 .text._close_r
                0x000000000000542c       0x28 c:/mounriver/mrs_community/toolchain/risc-v embedded gcc/bin/../lib/gcc/riscv-none-embed/8.2.0/../../../../riscv-none-embed/lib/rv32imafc/ilp32f\libg_nano.a(lib_a-closer.o)
                0x000000000000542c                _close_r
 .text._fstat_r
                0x0000000000005454       0x2a c:/mounriver/mrs_community/toolchain/risc-v embedded gcc/bin/../lib/gcc/riscv-none-embed/8.2.0/../../../../riscv-none-embed/lib/rv32imafc/ilp32f\libg_nano.a(lib_a-fstatr.o)
                0x0000000000005454                _fstat_r
 .text._isatty_r
                0x000000000000547e       0x28 c:/mounriver/mrs_community/toolchain/risc-v embedded gcc/bin/../lib/gcc/riscv-none-embed/8.2.0/../../../../riscv-none-embed/lib/rv32imafc/ilp32f\libg_nano.a(lib_a-isattyr.o)
                0x000000000000547e                _isatty_r
 .text._lseek_r
                0x00000000000054a6       0x2c c:/mounriver/mrs_community/toolchain/risc-v embedded gcc/bin/../lib/gcc/riscv-none-embed/8.2.0/../../../../riscv-none-embed/lib/rv32imafc/ilp32f\libg_nano.a(lib_a-lseekr.o)
                0x00000000000054a6                _lseek_r
 .text.memchr   0x00000000000054d2       0x1a c:/mounriver/mrs_community/toolchain/risc-v embedded gcc/bin/../lib/gcc/riscv-none-embed/8.2.0/../../../../riscv-none-embed/lib/rv32imafc/ilp32f\libg_nano.a(lib_a-memchr.o)
                0x00000000000054d2                memchr
 .text.__malloc_lock
                0x00000000000054ec        0x2 c:/mounriver/mrs_community/toolchain/risc-v embedded gcc/bin/../lib/gcc/riscv-none-embed/8.2.0/../../../../riscv-none-embed/lib/rv32imafc/ilp32f\libg_nano.a(lib_a-mlock.o)
                0x00000000000054ec                __malloc_lock
 .text.__malloc_unlock
                0x00000000000054ee        0x2 c:/mounriver/mrs_community/toolchain/risc-v embedded gcc/bin/../lib/gcc/riscv-none-embed/8.2.0/../../../../riscv-none-embed/lib/rv32imafc/ilp32f\libg_nano.a(lib_a-mlock.o)
                0x00000000000054ee                __malloc_unlock
 .text._read_r  0x00000000000054f0       0x2c c:/mounriver/mrs_community/toolchain/risc-v embedded gcc/bin/../lib/gcc/riscv-none-embed/8.2.0/../../../../riscv-none-embed/lib/rv32imafc/ilp32f\libg_nano.a(lib_a-readr.o)
                0x00000000000054f0                _read_r
 .text._close   0x000000000000551c        0xc c:/mounriver/mrs_community/toolchain/risc-v embedded gcc/bin/../lib/gcc/riscv-none-embed/8.2.0/../../../../riscv-none-embed/lib/rv32imafc/ilp32f\libnosys.a(close.o)
                0x000000000000551c                _close
 .text._fstat   0x0000000000005528        0xc c:/mounriver/mrs_community/toolchain/risc-v embedded gcc/bin/../lib/gcc/riscv-none-embed/8.2.0/../../../../riscv-none-embed/lib/rv32imafc/ilp32f\libnosys.a(fstat.o)
                0x0000000000005528                _fstat
 .text._isatty  0x0000000000005534        0xc c:/mounriver/mrs_community/toolchain/risc-v embedded gcc/bin/../lib/gcc/riscv-none-embed/8.2.0/../../../../riscv-none-embed/lib/rv32imafc/ilp32f\libnosys.a(isatty.o)
                0x0000000000005534                _isatty
 .text._lseek   0x0000000000005540        0xc c:/mounriver/mrs_community/toolchain/risc-v embedded gcc/bin/../lib/gcc/riscv-none-embed/8.2.0/../../../../riscv-none-embed/lib/rv32imafc/ilp32f\libnosys.a(lseek.o)
                0x0000000000005540                _lseek
 .text._read    0x000000000000554c        0xc c:/mounriver/mrs_community/toolchain/risc-v embedded gcc/bin/../lib/gcc/riscv-none-embed/8.2.0/../../../../riscv-none-embed/lib/rv32imafc/ilp32f\libnosys.a(read.o)
                0x000000000000554c                _read
 *(.rodata)
 *(.rodata*)
 .rodata.ExCvt  0x0000000000005558       0x80 ./User/ff/ff.o
 .rodata.check_fs.str1.4
                0x00000000000055d8        0x9 ./User/ff/ff.o
 *fill*         0x00000000000055e1        0x3 
 .rodata.f_open.str1.4
                0x00000000000055e4        0xf ./User/ff/ff.o
 *fill*         0x00000000000055f3        0x1 
 .rodata.main.str1.4
                0x00000000000055f4       0x86 ./User/main.o
                                         0x8a (size before relaxing)
 *fill*         0x000000000000567a        0x2 
 .rodata.show_sdcard_info.str1.4
                0x000000000000567c       0xb6 ./User/main.o
 *fill*         0x0000000000005732        0x2 
 .rodata.__sf_fake_stderr
                0x0000000000005734       0x20 c:/mounriver/mrs_community/toolchain/risc-v embedded gcc/bin/../lib/gcc/riscv-none-embed/8.2.0/../../../../riscv-none-embed/lib/rv32imafc/ilp32f\libg_nano.a(lib_a-findfp.o)
                0x0000000000005734                __sf_fake_stderr
 .rodata.__sf_fake_stdin
                0x0000000000005754       0x20 c:/mounriver/mrs_community/toolchain/risc-v embedded gcc/bin/../lib/gcc/riscv-none-embed/8.2.0/../../../../riscv-none-embed/lib/rv32imafc/ilp32f\libg_nano.a(lib_a-findfp.o)
                0x0000000000005754                __sf_fake_stdin
 .rodata.__sf_fake_stdout
                0x0000000000005774       0x20 c:/mounriver/mrs_community/toolchain/risc-v embedded gcc/bin/../lib/gcc/riscv-none-embed/8.2.0/../../../../riscv-none-embed/lib/rv32imafc/ilp32f\libg_nano.a(lib_a-findfp.o)
                0x0000000000005774                __sf_fake_stdout
 .rodata._vfprintf_r.str1.4
                0x0000000000005794       0x13 c:/mounriver/mrs_community/toolchain/risc-v embedded gcc/bin/../lib/gcc/riscv-none-embed/8.2.0/../../../../riscv-none-embed/lib/rv32imafc/ilp32f\libg_nano.a(lib_a-nano-vfprintf.o)
 *fill*         0x00000000000057a7        0x1 
 .rodata._printf_i.str1.4
                0x00000000000057a8       0x28 c:/mounriver/mrs_community/toolchain/risc-v embedded gcc/bin/../lib/gcc/riscv-none-embed/8.2.0/../../../../riscv-none-embed/lib/rv32imafc/ilp32f\libg_nano.a(lib_a-nano-vfprintf_i.o)
                                         0x25 (size before relaxing)
 *(.gnu.linkonce.t.*)
                0x00000000000057d0                . = ALIGN (0x4)

.rela.dyn       0x00000000000057d0        0x0
 .rela.init     0x00000000000057d0        0x0 ./User/ff/ff.o
 .rela.vector   0x00000000000057d0        0x0 ./User/ff/ff.o
 .rela.text.handle_reset
                0x00000000000057d0        0x0 ./User/ff/ff.o
 .rela.text._sbrk
                0x00000000000057d0        0x0 ./User/ff/ff.o
 .rela.sdata.curbrk.5271
                0x00000000000057d0        0x0 ./User/ff/ff.o
 .rela.text._vfprintf_r
                0x00000000000057d0        0x0 ./User/ff/ff.o
 .rela.text._sbrk_r
                0x00000000000057d0        0x0 ./User/ff/ff.o
 .rela.text._write_r
                0x00000000000057d0        0x0 ./User/ff/ff.o
 .rela.text._close_r
                0x00000000000057d0        0x0 ./User/ff/ff.o
 .rela.text._fstat_r
                0x00000000000057d0        0x0 ./User/ff/ff.o
 .rela.text._isatty_r
                0x00000000000057d0        0x0 ./User/ff/ff.o
 .rela.text._lseek_r
                0x00000000000057d0        0x0 ./User/ff/ff.o
 .rela.text._read_r
                0x00000000000057d0        0x0 ./User/ff/ff.o
 .rela.text._close
                0x00000000000057d0        0x0 ./User/ff/ff.o
 .rela.text._fstat
                0x00000000000057d0        0x0 ./User/ff/ff.o
 .rela.text._isatty
                0x00000000000057d0        0x0 ./User/ff/ff.o
 .rela.text._lseek
                0x00000000000057d0        0x0 ./User/ff/ff.o
 .rela.text._read
                0x00000000000057d0        0x0 ./User/ff/ff.o

.fini           0x00000000000057d0        0x0
 *(SORT_NONE(.fini))
                0x00000000000057d0                . = ALIGN (0x4)
                [!provide]                        PROVIDE (_etext = .)
                [!provide]                        PROVIDE (_eitcm = .)

.preinit_array  0x00000000000057d0        0x0
                [!provide]                        PROVIDE (__preinit_array_start = .)
 *(.preinit_array)
                [!provide]                        PROVIDE (__preinit_array_end = .)

.init_array     0x00000000000057d0        0x0
                [!provide]                        PROVIDE (__init_array_start = .)
 *(SORT_BY_INIT_PRIORITY(.init_array.*) SORT_BY_INIT_PRIORITY(.ctors.*))
 *(.init_array EXCLUDE_FILE(*crtend?.o *crtend.o *crtbegin?.o *crtbegin.o) .ctors)
                [!provide]                        PROVIDE (__init_array_end = .)

.fini_array     0x00000000000057d0        0x0
                [!provide]                        PROVIDE (__fini_array_start = .)
 *(SORT_BY_INIT_PRIORITY(.fini_array.*) SORT_BY_INIT_PRIORITY(.dtors.*))
 *(.fini_array EXCLUDE_FILE(*crtend?.o *crtend.o *crtbegin?.o *crtbegin.o) .dtors)
                [!provide]                        PROVIDE (__fini_array_end = .)

.ctors
 *crtbegin.o(.ctors)
 *crtbegin?.o(.ctors)
 *(EXCLUDE_FILE(*crtend?.o *crtend.o) .ctors)
 *(SORT_BY_NAME(.ctors.*))
 *(.ctors)

.dtors
 *crtbegin.o(.dtors)
 *crtbegin?.o(.dtors)
 *(EXCLUDE_FILE(*crtend?.o *crtend.o) .dtors)
 *(SORT_BY_NAME(.dtors.*))
 *(.dtors)

.dalign         0x0000000020000000        0x0 load address 0x00000000000057d0
                0x0000000020000000                . = ALIGN (0x4)
                0x0000000020000000                PROVIDE (_data_vma = .)

.dlalign        0x00000000000057d0        0x0
                0x00000000000057d0                . = ALIGN (0x4)
                0x00000000000057d0                PROVIDE (_data_lma = .)

.data           0x0000000020000000       0x98 load address 0x00000000000057d0
 *(.gnu.linkonce.r.*)
 *(.data .data.*)
 .data.AHBPrescTable
                0x0000000020000000       0x10 ./User/system_ch32v30x.o
                0x0000000020000000                AHBPrescTable
 .data.APBAHBPrescTable
                0x0000000020000010       0x10 ./Peripheral/src/ch32v30x_rcc.o
 .data.impure_data
                0x0000000020000020       0x60 c:/mounriver/mrs_community/toolchain/risc-v embedded gcc/bin/../lib/gcc/riscv-none-embed/8.2.0/../../../../riscv-none-embed/lib/rv32imafc/ilp32f\libg_nano.a(lib_a-impure.o)
 *(.gnu.linkonce.d.*)
                0x0000000020000080                . = ALIGN (0x8)
                0x0000000020000880                PROVIDE (__global_pointer$ = (. + 0x800))
 *(.sdata .sdata.*)
 .sdata.Stat    0x0000000020000080        0x1 ./User/ff/sdmm.o
 *fill*         0x0000000020000081        0x3 
 .sdata.SystemCoreClock
                0x0000000020000084        0x4 ./User/system_ch32v30x.o
                0x0000000020000084                SystemCoreClock
 .sdata.ADCPrescTable
                0x0000000020000088        0x4 ./Peripheral/src/ch32v30x_rcc.o
 .sdata.curbrk.5271
                0x000000002000008c        0x4 ./Debug/debug.o
 .sdata._impure_ptr
                0x0000000020000090        0x4 c:/mounriver/mrs_community/toolchain/risc-v embedded gcc/bin/../lib/gcc/riscv-none-embed/8.2.0/../../../../riscv-none-embed/lib/rv32imafc/ilp32f\libg_nano.a(lib_a-impure.o)
                0x0000000020000090                _impure_ptr
 *(.sdata2.*)
 .sdata2._global_impure_ptr
                0x0000000020000094        0x4 c:/mounriver/mrs_community/toolchain/risc-v embedded gcc/bin/../lib/gcc/riscv-none-embed/8.2.0/../../../../riscv-none-embed/lib/rv32imafc/ilp32f\libg_nano.a(lib_a-impure.o)
                0x0000000020000094                _global_impure_ptr
 *(.gnu.linkonce.s.*)
                0x0000000020000098                . = ALIGN (0x8)
 *(.srodata.cst16)
 *(.srodata.cst8)
 *(.srodata.cst4)
 *(.srodata.cst2)
 *(.srodata .srodata.*)
                0x0000000020000098                . = ALIGN (0x4)
                0x0000000020000098                PROVIDE (_edata = .)

.bss            0x0000000020000098      0x5f8 load address 0x0000000000005868
                0x0000000020000098                . = ALIGN (0x4)
                0x0000000020000098                PROVIDE (_sbss = .)
 *(.sbss*)
 .sbss.FatFs    0x0000000020000098        0x4 ./User/ff/ff.o
 .sbss.Fsid     0x000000002000009c        0x2 ./User/ff/ff.o
 .sbss.CardType
                0x000000002000009e        0x1 ./User/ff/sdio.o
 .sbss.DeviceMode
                0x000000002000009f        0x1 ./User/ff/sdio.o
 .sbss.RCA      0x00000000200000a0        0x4 ./User/ff/sdio.o
 .sbss.StopCondition
                0x00000000200000a4        0x1 ./User/ff/sdio.o
 .sbss.TransferEnd
                0x00000000200000a5        0x1 ./User/ff/sdio.o
                0x00000000200000a5                TransferEnd
 *fill*         0x00000000200000a6        0x2 
 .sbss.TransferError
                0x00000000200000a8        0x4 ./User/ff/sdio.o
                0x00000000200000a8                TransferError
 .sbss.tempbuff
                0x00000000200000ac        0x4 ./User/ff/sdio.o
                0x00000000200000ac                tempbuff
 .sbss.f_buf_half_0
                0x00000000200000b0        0x4 ./User/main.o
                0x00000000200000b0                f_buf_half_0
 .sbss.f_buf_half_1
                0x00000000200000b4        0x4 ./User/main.o
                0x00000000200000b4                f_buf_half_1
 .sbss.led_s    0x00000000200000b8        0x4 ./User/main.o
 .sbss.NVIC_Priority_Group
                0x00000000200000bc        0x4 ./Peripheral/src/ch32v30x_misc.o
                0x00000000200000bc                NVIC_Priority_Group
 .sbss.p_ms     0x00000000200000c0        0x2 ./Debug/debug.o
 .sbss.p_us     0x00000000200000c2        0x1 ./Debug/debug.o
 *fill*         0x00000000200000c3        0x1 
 .sbss.__malloc_free_list
                0x00000000200000c4        0x4 c:/mounriver/mrs_community/toolchain/risc-v embedded gcc/bin/../lib/gcc/riscv-none-embed/8.2.0/../../../../riscv-none-embed/lib/rv32imafc/ilp32f\libg_nano.a(lib_a-nano-mallocr.o)
                0x00000000200000c4                __malloc_free_list
 .sbss.__malloc_sbrk_start
                0x00000000200000c8        0x4 c:/mounriver/mrs_community/toolchain/risc-v embedded gcc/bin/../lib/gcc/riscv-none-embed/8.2.0/../../../../riscv-none-embed/lib/rv32imafc/ilp32f\libg_nano.a(lib_a-nano-mallocr.o)
                0x00000000200000c8                __malloc_sbrk_start
 *(.gnu.linkonce.sb.*)
 *(.bss*)
 .bss.CID_Tab   0x00000000200000cc       0x10 ./User/ff/sdio.o
 .bss.CSD_Tab   0x00000000200000dc       0x10 ./User/ff/sdio.o
 *fill*         0x00000000200000ec        0x4 
 .bss.SDCardInfo
                0x00000000200000f0       0x58 ./User/ff/sdio.o
                0x00000000200000f0                SDCardInfo
 .bss.SDIO_CmdInitStructure
                0x0000000020000148       0x14 ./User/ff/sdio.o
                0x0000000020000148                SDIO_CmdInitStructure
 .bss.SDIO_DATA_BUFFER
                0x000000002000015c      0x200 ./User/ff/sdio.o
                0x000000002000015c                SDIO_DATA_BUFFER
 .bss.SDIO_DataInitStructure
                0x000000002000035c       0x18 ./User/ff/sdio.o
                0x000000002000035c                SDIO_DataInitStructure
 .bss.SDIO_InitStructure
                0x0000000020000374       0x18 ./User/ff/sdio.o
                0x0000000020000374                SDIO_InitStructure
 .bss.Dual_DAC_Value
                0x000000002000038c      0x200 ./User/main.o
                0x000000002000038c                Dual_DAC_Value
 .bss.buff_msg  0x000000002000058c      0x100 ./User/main.o
                0x000000002000058c                buff_msg
 *(.gnu.linkonce.b.*)
 *(COMMON*)
 COMMON         0x000000002000068c        0x4 c:/mounriver/mrs_community/toolchain/risc-v embedded gcc/bin/../lib/gcc/riscv-none-embed/8.2.0/../../../../riscv-none-embed/lib/rv32imafc/ilp32f\libg_nano.a(lib_a-reent.o)
                0x000000002000068c                errno
                0x0000000020000690                . = ALIGN (0x4)
                0x0000000020000690                PROVIDE (_ebss = .)
                0x0000000020000690                PROVIDE (_end = _ebss)
                [!provide]                        PROVIDE (end = .)

.stack          0x0000000020007800      0x800
                0x0000000020007800                PROVIDE (_heap_end = .)
                0x0000000020007800                . = ALIGN (0x4)
                [!provide]                        PROVIDE (_susrstack = .)
                0x0000000020008000                . = (. + __stack_size)
 *fill*         0x0000000020007800      0x800 
                0x0000000020008000                PROVIDE (_eusrstack = .)
OUTPUT(SD_CH32V305RBT6_R2.elf elf32-littleriscv)

.debug_info     0x0000000000000000    0x1689f
 .debug_info    0x0000000000000000     0x2e9c ./User/ff/ff.o
 .debug_info    0x0000000000002e9c     0x355d ./User/ff/sdio.o
 .debug_info    0x00000000000063f9     0x108a ./User/ff/sdmm.o
 .debug_info    0x0000000000007483      0x962 ./User/ch32v30x_it.o
 .debug_info    0x0000000000007de5     0x24bb ./User/main.o
 .debug_info    0x000000000000a2a0      0xb89 ./User/system_ch32v30x.o
 .debug_info    0x000000000000ae29       0x22 ./Startup/startup_ch32v30x_D8C.o
 .debug_info    0x000000000000ae4b      0xdbd ./Peripheral/src/ch32v30x_dac.o
 .debug_info    0x000000000000bc08      0xa94 ./Peripheral/src/ch32v30x_dbgmcu.o
 .debug_info    0x000000000000c69c      0xd16 ./Peripheral/src/ch32v30x_dma.o
 .debug_info    0x000000000000d3b2     0x11ea ./Peripheral/src/ch32v30x_gpio.o
 .debug_info    0x000000000000e59c      0xf72 ./Peripheral/src/ch32v30x_misc.o
 .debug_info    0x000000000000f50e     0x156e ./Peripheral/src/ch32v30x_rcc.o
 .debug_info    0x0000000000010a7c     0x10d1 ./Peripheral/src/ch32v30x_sdio.o
 .debug_info    0x0000000000011b4d     0x2a16 ./Peripheral/src/ch32v30x_tim.o
 .debug_info    0x0000000000014563     0x1420 ./Peripheral/src/ch32v30x_usart.o
 .debug_info    0x0000000000015983      0xf1c ./Debug/debug.o

.debug_abbrev   0x0000000000000000     0x34ba
 .debug_abbrev  0x0000000000000000      0x41e ./User/ff/ff.o
 .debug_abbrev  0x000000000000041e      0x510 ./User/ff/sdio.o
 .debug_abbrev  0x000000000000092e      0x314 ./User/ff/sdmm.o
 .debug_abbrev  0x0000000000000c42      0x1cf ./User/ch32v30x_it.o
 .debug_abbrev  0x0000000000000e11      0x3e7 ./User/main.o
 .debug_abbrev  0x00000000000011f8      0x2c0 ./User/system_ch32v30x.o
 .debug_abbrev  0x00000000000014b8       0x12 ./Startup/startup_ch32v30x_D8C.o
 .debug_abbrev  0x00000000000014ca      0x2fe ./Peripheral/src/ch32v30x_dac.o
 .debug_abbrev  0x00000000000017c8      0x2f7 ./Peripheral/src/ch32v30x_dbgmcu.o
 .debug_abbrev  0x0000000000001abf      0x2fd ./Peripheral/src/ch32v30x_dma.o
 .debug_abbrev  0x0000000000001dbc      0x31a ./Peripheral/src/ch32v30x_gpio.o
 .debug_abbrev  0x00000000000020d6      0x2fb ./Peripheral/src/ch32v30x_misc.o
 .debug_abbrev  0x00000000000023d1      0x351 ./Peripheral/src/ch32v30x_rcc.o
 .debug_abbrev  0x0000000000002722      0x385 ./Peripheral/src/ch32v30x_sdio.o
 .debug_abbrev  0x0000000000002aa7      0x408 ./Peripheral/src/ch32v30x_tim.o
 .debug_abbrev  0x0000000000002eaf      0x312 ./Peripheral/src/ch32v30x_usart.o
 .debug_abbrev  0x00000000000031c1      0x2f9 ./Debug/debug.o

.debug_loc      0x0000000000000000     0x8355
 .debug_loc     0x0000000000000000     0x265e ./User/ff/ff.o
 .debug_loc     0x000000000000265e     0x1a6e ./User/ff/sdio.o
 .debug_loc     0x00000000000040cc      0x2d7 ./User/ff/sdmm.o
 .debug_loc     0x00000000000043a3      0x3ab ./User/main.o
 .debug_loc     0x000000000000474e       0xda ./User/system_ch32v30x.o
 .debug_loc     0x0000000000004828      0x238 ./Peripheral/src/ch32v30x_dac.o
 .debug_loc     0x0000000000004a60       0x7c ./Peripheral/src/ch32v30x_dbgmcu.o
 .debug_loc     0x0000000000004adc      0x19a ./Peripheral/src/ch32v30x_dma.o
 .debug_loc     0x0000000000004c76      0x6eb ./Peripheral/src/ch32v30x_gpio.o
 .debug_loc     0x0000000000005361       0xce ./Peripheral/src/ch32v30x_misc.o
 .debug_loc     0x000000000000542f      0xadb ./Peripheral/src/ch32v30x_rcc.o
 .debug_loc     0x0000000000005f0a      0x1bb ./Peripheral/src/ch32v30x_sdio.o
 .debug_loc     0x00000000000060c5     0x195e ./Peripheral/src/ch32v30x_tim.o
 .debug_loc     0x0000000000007a23      0x7bb ./Peripheral/src/ch32v30x_usart.o
 .debug_loc     0x00000000000081de      0x177 ./Debug/debug.o

.debug_aranges  0x0000000000000000      0xba0
 .debug_aranges
                0x0000000000000000       0xc0 ./User/ff/ff.o
 .debug_aranges
                0x00000000000000c0      0x108 ./User/ff/sdio.o
 .debug_aranges
                0x00000000000001c8       0x40 ./User/ff/sdmm.o
 .debug_aranges
                0x0000000000000208       0x28 ./User/ch32v30x_it.o
 .debug_aranges
                0x0000000000000230       0x68 ./User/main.o
 .debug_aranges
                0x0000000000000298       0x28 ./User/system_ch32v30x.o
 .debug_aranges
                0x00000000000002c0       0x30 ./Startup/startup_ch32v30x_D8C.o
 .debug_aranges
                0x00000000000002f0       0x78 ./Peripheral/src/ch32v30x_dac.o
 .debug_aranges
                0x0000000000000368       0x48 ./Peripheral/src/ch32v30x_dbgmcu.o
 .debug_aranges
                0x00000000000003b0       0x60 ./Peripheral/src/ch32v30x_dma.o
 .debug_aranges
                0x0000000000000410       0xb0 ./Peripheral/src/ch32v30x_gpio.o
 .debug_aranges
                0x00000000000004c0       0x28 ./Peripheral/src/ch32v30x_misc.o
 .debug_aranges
                0x00000000000004e8      0x1a8 ./Peripheral/src/ch32v30x_rcc.o
 .debug_aranges
                0x0000000000000690       0xf8 ./Peripheral/src/ch32v30x_sdio.o
 .debug_aranges
                0x0000000000000788      0x2d0 ./Peripheral/src/ch32v30x_tim.o
 .debug_aranges
                0x0000000000000a58      0x100 ./Peripheral/src/ch32v30x_usart.o
 .debug_aranges
                0x0000000000000b58       0x48 ./Debug/debug.o

.debug_ranges   0x0000000000000000      0xde0
 .debug_ranges  0x0000000000000000      0x348 ./User/ff/ff.o
 .debug_ranges  0x0000000000000348       0xf8 ./User/ff/sdio.o
 .debug_ranges  0x0000000000000440       0x30 ./User/ff/sdmm.o
 .debug_ranges  0x0000000000000470       0x18 ./User/ch32v30x_it.o
 .debug_ranges  0x0000000000000488       0x70 ./User/main.o
 .debug_ranges  0x00000000000004f8       0x38 ./User/system_ch32v30x.o
 .debug_ranges  0x0000000000000530       0x28 ./Startup/startup_ch32v30x_D8C.o
 .debug_ranges  0x0000000000000558       0x68 ./Peripheral/src/ch32v30x_dac.o
 .debug_ranges  0x00000000000005c0       0x50 ./Peripheral/src/ch32v30x_dbgmcu.o
 .debug_ranges  0x0000000000000610       0x50 ./Peripheral/src/ch32v30x_dma.o
 .debug_ranges  0x0000000000000660       0xa0 ./Peripheral/src/ch32v30x_gpio.o
 .debug_ranges  0x0000000000000700       0x48 ./Peripheral/src/ch32v30x_misc.o
 .debug_ranges  0x0000000000000748      0x198 ./Peripheral/src/ch32v30x_rcc.o
 .debug_ranges  0x00000000000008e0       0xe8 ./Peripheral/src/ch32v30x_sdio.o
 .debug_ranges  0x00000000000009c8      0x2f0 ./Peripheral/src/ch32v30x_tim.o
 .debug_ranges  0x0000000000000cb8       0xf0 ./Peripheral/src/ch32v30x_usart.o
 .debug_ranges  0x0000000000000da8       0x38 ./Debug/debug.o

.debug_line     0x0000000000000000    0x15719
 .debug_line    0x0000000000000000     0x4830 ./User/ff/ff.o
 .debug_line    0x0000000000004830     0x53f7 ./User/ff/sdio.o
 .debug_line    0x0000000000009c27      0x500 ./User/ff/sdmm.o
 .debug_line    0x000000000000a127      0x219 ./User/ch32v30x_it.o
 .debug_line    0x000000000000a340     0x100c ./User/main.o
 .debug_line    0x000000000000b34c      0x72d ./User/system_ch32v30x.o
 .debug_line    0x000000000000ba79      0x356 ./Startup/startup_ch32v30x_D8C.o
 .debug_line    0x000000000000bdcf      0x7c4 ./Peripheral/src/ch32v30x_dac.o
 .debug_line    0x000000000000c593      0x362 ./Peripheral/src/ch32v30x_dbgmcu.o
 .debug_line    0x000000000000c8f5      0x9ab ./Peripheral/src/ch32v30x_dma.o
 .debug_line    0x000000000000d2a0     0x1048 ./Peripheral/src/ch32v30x_gpio.o
 .debug_line    0x000000000000e2e8      0x4ab ./Peripheral/src/ch32v30x_misc.o
 .debug_line    0x000000000000e793     0x1963 ./Peripheral/src/ch32v30x_rcc.o
 .debug_line    0x00000000000100f6      0xc75 ./Peripheral/src/ch32v30x_sdio.o
 .debug_line    0x0000000000010d6b     0x32d0 ./Peripheral/src/ch32v30x_tim.o
 .debug_line    0x000000000001403b     0x1001 ./Peripheral/src/ch32v30x_usart.o
 .debug_line    0x000000000001503c      0x6dd ./Debug/debug.o

.debug_str      0x0000000000000000     0x402f
 .debug_str     0x0000000000000000      0x997 ./User/ff/ff.o
                                        0xa62 (size before relaxing)
 .debug_str     0x0000000000000997     0x14a8 ./User/ff/sdio.o
                                       0x1a92 (size before relaxing)
 .debug_str     0x0000000000001e3f       0x24 ./User/ff/sdmm.o
                                        0xc1a (size before relaxing)
 .debug_str     0x0000000000001e63       0x34 ./User/ch32v30x_it.o
                                        0x5a9 (size before relaxing)
 .debug_str     0x0000000000001e97      0x52d ./User/main.o
                                       0x17a2 (size before relaxing)
 .debug_str     0x00000000000023c4       0xf6 ./User/system_ch32v30x.o
                                        0x6c0 (size before relaxing)
 .debug_str     0x00000000000024ba       0x2e ./Startup/startup_ch32v30x_D8C.o
                                         0x5d (size before relaxing)
 .debug_str     0x00000000000024e8      0x12c ./Peripheral/src/ch32v30x_dac.o
                                        0x7f2 (size before relaxing)
 .debug_str     0x0000000000002614       0x7e ./Peripheral/src/ch32v30x_dbgmcu.o
                                        0x639 (size before relaxing)
 .debug_str     0x0000000000002692       0xba ./Peripheral/src/ch32v30x_dma.o
                                        0x7e6 (size before relaxing)
 .debug_str     0x000000000000274c      0x23d ./Peripheral/src/ch32v30x_gpio.o
                                        0x9a3 (size before relaxing)
 .debug_str     0x0000000000002989       0x8a ./Peripheral/src/ch32v30x_misc.o
                                        0xcbe (size before relaxing)
 .debug_str     0x0000000000002a13      0x587 ./Peripheral/src/ch32v30x_rcc.o
                                        0xcbd (size before relaxing)
 .debug_str     0x0000000000002f9a      0x203 ./Peripheral/src/ch32v30x_sdio.o
                                        0xa51 (size before relaxing)
 .debug_str     0x000000000000319d      0x9f7 ./Peripheral/src/ch32v30x_tim.o
                                       0x126e (size before relaxing)
 .debug_str     0x0000000000003b94      0x41c ./Peripheral/src/ch32v30x_usart.o
                                        0xb0a (size before relaxing)
 .debug_str     0x0000000000003fb0       0x7f ./Debug/debug.o
                                        0x8f2 (size before relaxing)

.comment        0x0000000000000000       0x33
 .comment       0x0000000000000000       0x33 ./User/ff/ff.o
                                         0x34 (size before relaxing)
 .comment       0x0000000000000033       0x34 ./User/ff/sdio.o
 .comment       0x0000000000000033       0x34 ./User/ff/sdmm.o
 .comment       0x0000000000000033       0x34 ./User/ch32v30x_it.o
 .comment       0x0000000000000033       0x34 ./User/main.o
 .comment       0x0000000000000033       0x34 ./User/system_ch32v30x.o
 .comment       0x0000000000000033       0x34 ./Peripheral/src/ch32v30x_dac.o
 .comment       0x0000000000000033       0x34 ./Peripheral/src/ch32v30x_dbgmcu.o
 .comment       0x0000000000000033       0x34 ./Peripheral/src/ch32v30x_dma.o
 .comment       0x0000000000000033       0x34 ./Peripheral/src/ch32v30x_gpio.o
 .comment       0x0000000000000033       0x34 ./Peripheral/src/ch32v30x_misc.o
 .comment       0x0000000000000033       0x34 ./Peripheral/src/ch32v30x_rcc.o
 .comment       0x0000000000000033       0x34 ./Peripheral/src/ch32v30x_sdio.o
 .comment       0x0000000000000033       0x34 ./Peripheral/src/ch32v30x_tim.o
 .comment       0x0000000000000033       0x34 ./Peripheral/src/ch32v30x_usart.o
 .comment       0x0000000000000033       0x34 ./Debug/debug.o

.debug_frame    0x0000000000000000     0x2674
 .debug_frame   0x0000000000000000      0x394 ./User/ff/ff.o
 .debug_frame   0x0000000000000394      0x4f4 ./User/ff/sdio.o
 .debug_frame   0x0000000000000888       0x84 ./User/ff/sdmm.o
 .debug_frame   0x000000000000090c       0x30 ./User/ch32v30x_it.o
 .debug_frame   0x000000000000093c      0x1ac ./User/main.o
 .debug_frame   0x0000000000000ae8       0x3c ./User/system_ch32v30x.o
 .debug_frame   0x0000000000000b24       0xf4 ./Peripheral/src/ch32v30x_dac.o
 .debug_frame   0x0000000000000c18       0x70 ./Peripheral/src/ch32v30x_dbgmcu.o
 .debug_frame   0x0000000000000c88       0xd8 ./Peripheral/src/ch32v30x_dma.o
 .debug_frame   0x0000000000000d60      0x174 ./Peripheral/src/ch32v30x_gpio.o
 .debug_frame   0x0000000000000ed4       0x30 ./Peripheral/src/ch32v30x_misc.o
 .debug_frame   0x0000000000000f04      0x344 ./Peripheral/src/ch32v30x_rcc.o
 .debug_frame   0x0000000000001248      0x204 ./Peripheral/src/ch32v30x_sdio.o
 .debug_frame   0x000000000000144c      0x614 ./Peripheral/src/ch32v30x_tim.o
 .debug_frame   0x0000000000001a60      0x204 ./Peripheral/src/ch32v30x_usart.o
 .debug_frame   0x0000000000001c64       0x9c ./Debug/debug.o
 .debug_frame   0x0000000000001d00       0x20 c:/mounriver/mrs_community/toolchain/risc-v embedded gcc/bin/../lib/gcc/riscv-none-embed/8.2.0/../../../../riscv-none-embed/lib/rv32imafc/ilp32f\libg_nano.a(lib_a-memcmp.o)
 .debug_frame   0x0000000000001d20       0x20 c:/mounriver/mrs_community/toolchain/risc-v embedded gcc/bin/../lib/gcc/riscv-none-embed/8.2.0/../../../../riscv-none-embed/lib/rv32imafc/ilp32f\libg_nano.a(lib_a-memcpy.o)
 .debug_frame   0x0000000000001d40       0x54 c:/mounriver/mrs_community/toolchain/risc-v embedded gcc/bin/../lib/gcc/riscv-none-embed/8.2.0/../../../../riscv-none-embed/lib/rv32imafc/ilp32f\libg_nano.a(lib_a-printf.o)
 .debug_frame   0x0000000000001d94       0x54 c:/mounriver/mrs_community/toolchain/risc-v embedded gcc/bin/../lib/gcc/riscv-none-embed/8.2.0/../../../../riscv-none-embed/lib/rv32imafc/ilp32f\libg_nano.a(lib_a-puts.o)
 .debug_frame   0x0000000000001de8       0x20 c:/mounriver/mrs_community/toolchain/risc-v embedded gcc/bin/../lib/gcc/riscv-none-embed/8.2.0/../../../../riscv-none-embed/lib/rv32imafc/ilp32f\libg_nano.a(lib_a-strchr.o)
 .debug_frame   0x0000000000001e08       0x50 c:/mounriver/mrs_community/toolchain/risc-v embedded gcc/bin/../lib/gcc/riscv-none-embed/8.2.0/../../../../riscv-none-embed/lib/rv32imafc/ilp32f\libg_nano.a(lib_a-wbuf.o)
 .debug_frame   0x0000000000001e58       0x3c c:/mounriver/mrs_community/toolchain/risc-v embedded gcc/bin/../lib/gcc/riscv-none-embed/8.2.0/../../../../riscv-none-embed/lib/rv32imafc/ilp32f\libg_nano.a(lib_a-wsetup.o)
 .debug_frame   0x0000000000001e94       0x7c c:/mounriver/mrs_community/toolchain/risc-v embedded gcc/bin/../lib/gcc/riscv-none-embed/8.2.0/../../../../riscv-none-embed/lib/rv32imafc/ilp32f\libg_nano.a(lib_a-fflush.o)
 .debug_frame   0x0000000000001f10      0x148 c:/mounriver/mrs_community/toolchain/risc-v embedded gcc/bin/../lib/gcc/riscv-none-embed/8.2.0/../../../../riscv-none-embed/lib/rv32imafc/ilp32f\libg_nano.a(lib_a-findfp.o)
 .debug_frame   0x0000000000002058       0x88 c:/mounriver/mrs_community/toolchain/risc-v embedded gcc/bin/../lib/gcc/riscv-none-embed/8.2.0/../../../../riscv-none-embed/lib/rv32imafc/ilp32f\libg_nano.a(lib_a-fwalk.o)
 .debug_frame   0x00000000000020e0       0x64 c:/mounriver/mrs_community/toolchain/risc-v embedded gcc/bin/../lib/gcc/riscv-none-embed/8.2.0/../../../../riscv-none-embed/lib/rv32imafc/ilp32f\libg_nano.a(lib_a-makebuf.o)
 .debug_frame   0x0000000000002144       0x40 c:/mounriver/mrs_community/toolchain/risc-v embedded gcc/bin/../lib/gcc/riscv-none-embed/8.2.0/../../../../riscv-none-embed/lib/rv32imafc/ilp32f\libg_nano.a(lib_a-nano-freer.o)
 .debug_frame   0x0000000000002184       0x40 c:/mounriver/mrs_community/toolchain/risc-v embedded gcc/bin/../lib/gcc/riscv-none-embed/8.2.0/../../../../riscv-none-embed/lib/rv32imafc/ilp32f\libg_nano.a(lib_a-nano-mallocr.o)
 .debug_frame   0x00000000000021c4       0xd0 c:/mounriver/mrs_community/toolchain/risc-v embedded gcc/bin/../lib/gcc/riscv-none-embed/8.2.0/../../../../riscv-none-embed/lib/rv32imafc/ilp32f\libg_nano.a(lib_a-nano-vfprintf.o)
 .debug_frame   0x0000000000002294       0x8c c:/mounriver/mrs_community/toolchain/risc-v embedded gcc/bin/../lib/gcc/riscv-none-embed/8.2.0/../../../../riscv-none-embed/lib/rv32imafc/ilp32f\libg_nano.a(lib_a-nano-vfprintf_i.o)
 .debug_frame   0x0000000000002320       0x30 c:/mounriver/mrs_community/toolchain/risc-v embedded gcc/bin/../lib/gcc/riscv-none-embed/8.2.0/../../../../riscv-none-embed/lib/rv32imafc/ilp32f\libg_nano.a(lib_a-sbrkr.o)
 .debug_frame   0x0000000000002350       0xa4 c:/mounriver/mrs_community/toolchain/risc-v embedded gcc/bin/../lib/gcc/riscv-none-embed/8.2.0/../../../../riscv-none-embed/lib/rv32imafc/ilp32f\libg_nano.a(lib_a-stdio.o)
 .debug_frame   0x00000000000023f4       0x30 c:/mounriver/mrs_community/toolchain/risc-v embedded gcc/bin/../lib/gcc/riscv-none-embed/8.2.0/../../../../riscv-none-embed/lib/rv32imafc/ilp32f\libg_nano.a(lib_a-writer.o)
 .debug_frame   0x0000000000002424       0x30 c:/mounriver/mrs_community/toolchain/risc-v embedded gcc/bin/../lib/gcc/riscv-none-embed/8.2.0/../../../../riscv-none-embed/lib/rv32imafc/ilp32f\libg_nano.a(lib_a-closer.o)
 .debug_frame   0x0000000000002454       0x30 c:/mounriver/mrs_community/toolchain/risc-v embedded gcc/bin/../lib/gcc/riscv-none-embed/8.2.0/../../../../riscv-none-embed/lib/rv32imafc/ilp32f\libg_nano.a(lib_a-fstatr.o)
 .debug_frame   0x0000000000002484       0x30 c:/mounriver/mrs_community/toolchain/risc-v embedded gcc/bin/../lib/gcc/riscv-none-embed/8.2.0/../../../../riscv-none-embed/lib/rv32imafc/ilp32f\libg_nano.a(lib_a-isattyr.o)
 .debug_frame   0x00000000000024b4       0x30 c:/mounriver/mrs_community/toolchain/risc-v embedded gcc/bin/../lib/gcc/riscv-none-embed/8.2.0/../../../../riscv-none-embed/lib/rv32imafc/ilp32f\libg_nano.a(lib_a-lseekr.o)
 .debug_frame   0x00000000000024e4       0x20 c:/mounriver/mrs_community/toolchain/risc-v embedded gcc/bin/../lib/gcc/riscv-none-embed/8.2.0/../../../../riscv-none-embed/lib/rv32imafc/ilp32f\libg_nano.a(lib_a-memchr.o)
 .debug_frame   0x0000000000002504       0x30 c:/mounriver/mrs_community/toolchain/risc-v embedded gcc/bin/../lib/gcc/riscv-none-embed/8.2.0/../../../../riscv-none-embed/lib/rv32imafc/ilp32f\libg_nano.a(lib_a-mlock.o)
 .debug_frame   0x0000000000002534       0x30 c:/mounriver/mrs_community/toolchain/risc-v embedded gcc/bin/../lib/gcc/riscv-none-embed/8.2.0/../../../../riscv-none-embed/lib/rv32imafc/ilp32f\libg_nano.a(lib_a-readr.o)
 .debug_frame   0x0000000000002564       0x70 c:/mounriver/mrs_community/toolchain/risc-v embedded gcc/bin/../lib/gcc/riscv-none-embed/8.2.0/../../../../riscv-none-embed/lib/rv32imafc/ilp32f\libg_nano.a(lib_a-reent.o)
 .debug_frame   0x00000000000025d4       0x20 c:/mounriver/mrs_community/toolchain/risc-v embedded gcc/bin/../lib/gcc/riscv-none-embed/8.2.0/../../../../riscv-none-embed/lib/rv32imafc/ilp32f\libnosys.a(close.o)
 .debug_frame   0x00000000000025f4       0x20 c:/mounriver/mrs_community/toolchain/risc-v embedded gcc/bin/../lib/gcc/riscv-none-embed/8.2.0/../../../../riscv-none-embed/lib/rv32imafc/ilp32f\libnosys.a(fstat.o)
 .debug_frame   0x0000000000002614       0x20 c:/mounriver/mrs_community/toolchain/risc-v embedded gcc/bin/../lib/gcc/riscv-none-embed/8.2.0/../../../../riscv-none-embed/lib/rv32imafc/ilp32f\libnosys.a(isatty.o)
 .debug_frame   0x0000000000002634       0x20 c:/mounriver/mrs_community/toolchain/risc-v embedded gcc/bin/../lib/gcc/riscv-none-embed/8.2.0/../../../../riscv-none-embed/lib/rv32imafc/ilp32f\libnosys.a(lseek.o)
 .debug_frame   0x0000000000002654       0x20 c:/mounriver/mrs_community/toolchain/risc-v embedded gcc/bin/../lib/gcc/riscv-none-embed/8.2.0/../../../../riscv-none-embed/lib/rv32imafc/ilp32f\libnosys.a(read.o)

.stab           0x0000000000000000       0x84
 .stab          0x0000000000000000       0x24 c:/mounriver/mrs_community/toolchain/risc-v embedded gcc/bin/../lib/gcc/riscv-none-embed/8.2.0/../../../../riscv-none-embed/lib/rv32imafc/ilp32f\libnosys.a(close.o)
 .stab          0x0000000000000024       0x18 c:/mounriver/mrs_community/toolchain/risc-v embedded gcc/bin/../lib/gcc/riscv-none-embed/8.2.0/../../../../riscv-none-embed/lib/rv32imafc/ilp32f\libnosys.a(fstat.o)
                                         0x24 (size before relaxing)
 .stab          0x000000000000003c       0x18 c:/mounriver/mrs_community/toolchain/risc-v embedded gcc/bin/../lib/gcc/riscv-none-embed/8.2.0/../../../../riscv-none-embed/lib/rv32imafc/ilp32f\libnosys.a(isatty.o)
                                         0x24 (size before relaxing)
 .stab          0x0000000000000054       0x18 c:/mounriver/mrs_community/toolchain/risc-v embedded gcc/bin/../lib/gcc/riscv-none-embed/8.2.0/../../../../riscv-none-embed/lib/rv32imafc/ilp32f\libnosys.a(lseek.o)
                                         0x24 (size before relaxing)
 .stab          0x000000000000006c       0x18 c:/mounriver/mrs_community/toolchain/risc-v embedded gcc/bin/../lib/gcc/riscv-none-embed/8.2.0/../../../../riscv-none-embed/lib/rv32imafc/ilp32f\libnosys.a(read.o)
                                         0x24 (size before relaxing)

.stabstr        0x0000000000000000      0x117
 .stabstr       0x0000000000000000      0x117 c:/mounriver/mrs_community/toolchain/risc-v embedded gcc/bin/../lib/gcc/riscv-none-embed/8.2.0/../../../../riscv-none-embed/lib/rv32imafc/ilp32f\libnosys.a(close.o)
